Archive member included to satisfy reference by file (symbol)

C:/ST/STM32CubeIDE_1.19.0/STM32CubeIDE/plugins/com.st.stm32cube.ide.mcu.externaltools.gnu-tools-for-stm32.13.3.rel1.win32_1.0.0.202411081344/tools/bin/../lib/gcc/arm-none-eabi/13.3.1/../../../../arm-none-eabi/lib/thumb/v6-m/nofp\libc_nano.a(libc_a-exit.o)
                              C:/ST/STM32CubeIDE_1.19.0/STM32CubeIDE/plugins/com.st.stm32cube.ide.mcu.externaltools.gnu-tools-for-stm32.13.3.rel1.win32_1.0.0.202411081344/tools/bin/../lib/gcc/arm-none-eabi/13.3.1/../../../../arm-none-eabi/lib/thumb/v6-m/nofp/crt0.o (exit)
C:/ST/STM32CubeIDE_1.19.0/STM32CubeIDE/plugins/com.st.stm32cube.ide.mcu.externaltools.gnu-tools-for-stm32.13.3.rel1.win32_1.0.0.202411081344/tools/bin/../lib/gcc/arm-none-eabi/13.3.1/../../../../arm-none-eabi/lib/thumb/v6-m/nofp\libc_nano.a(libc_a-findfp.o)
                              C:/ST/STM32CubeIDE_1.19.0/STM32CubeIDE/plugins/com.st.stm32cube.ide.mcu.externaltools.gnu-tools-for-stm32.13.3.rel1.win32_1.0.0.202411081344/tools/bin/../lib/gcc/arm-none-eabi/13.3.1/../../../../arm-none-eabi/lib/thumb/v6-m/nofp\libc_nano.a(libc_a-exit.o) (__stdio_exit_handler)
C:/ST/STM32CubeIDE_1.19.0/STM32CubeIDE/plugins/com.st.stm32cube.ide.mcu.externaltools.gnu-tools-for-stm32.13.3.rel1.win32_1.0.0.202411081344/tools/bin/../lib/gcc/arm-none-eabi/13.3.1/../../../../arm-none-eabi/lib/thumb/v6-m/nofp\libc_nano.a(libc_a-fwalk.o)
                              C:/ST/STM32CubeIDE_1.19.0/STM32CubeIDE/plugins/com.st.stm32cube.ide.mcu.externaltools.gnu-tools-for-stm32.13.3.rel1.win32_1.0.0.202411081344/tools/bin/../lib/gcc/arm-none-eabi/13.3.1/../../../../arm-none-eabi/lib/thumb/v6-m/nofp\libc_nano.a(libc_a-findfp.o) (_fwalk_sglue)
C:/ST/STM32CubeIDE_1.19.0/STM32CubeIDE/plugins/com.st.stm32cube.ide.mcu.externaltools.gnu-tools-for-stm32.13.3.rel1.win32_1.0.0.202411081344/tools/bin/../lib/gcc/arm-none-eabi/13.3.1/../../../../arm-none-eabi/lib/thumb/v6-m/nofp\libc_nano.a(libc_a-puts.o)
                              ./Core/Src/main.o (puts)
C:/ST/STM32CubeIDE_1.19.0/STM32CubeIDE/plugins/com.st.stm32cube.ide.mcu.externaltools.gnu-tools-for-stm32.13.3.rel1.win32_1.0.0.202411081344/tools/bin/../lib/gcc/arm-none-eabi/13.3.1/../../../../arm-none-eabi/lib/thumb/v6-m/nofp\libc_nano.a(libc_a-stdio.o)
                              C:/ST/STM32CubeIDE_1.19.0/STM32CubeIDE/plugins/com.st.stm32cube.ide.mcu.externaltools.gnu-tools-for-stm32.13.3.rel1.win32_1.0.0.202411081344/tools/bin/../lib/gcc/arm-none-eabi/13.3.1/../../../../arm-none-eabi/lib/thumb/v6-m/nofp\libc_nano.a(libc_a-findfp.o) (__sread)
C:/ST/STM32CubeIDE_1.19.0/STM32CubeIDE/plugins/com.st.stm32cube.ide.mcu.externaltools.gnu-tools-for-stm32.13.3.rel1.win32_1.0.0.202411081344/tools/bin/../lib/gcc/arm-none-eabi/13.3.1/../../../../arm-none-eabi/lib/thumb/v6-m/nofp\libc_nano.a(libc_a-wbuf.o)
                              C:/ST/STM32CubeIDE_1.19.0/STM32CubeIDE/plugins/com.st.stm32cube.ide.mcu.externaltools.gnu-tools-for-stm32.13.3.rel1.win32_1.0.0.202411081344/tools/bin/../lib/gcc/arm-none-eabi/13.3.1/../../../../arm-none-eabi/lib/thumb/v6-m/nofp\libc_nano.a(libc_a-puts.o) (__swbuf_r)
C:/ST/STM32CubeIDE_1.19.0/STM32CubeIDE/plugins/com.st.stm32cube.ide.mcu.externaltools.gnu-tools-for-stm32.13.3.rel1.win32_1.0.0.202411081344/tools/bin/../lib/gcc/arm-none-eabi/13.3.1/../../../../arm-none-eabi/lib/thumb/v6-m/nofp\libc_nano.a(libc_a-wsetup.o)
                              C:/ST/STM32CubeIDE_1.19.0/STM32CubeIDE/plugins/com.st.stm32cube.ide.mcu.externaltools.gnu-tools-for-stm32.13.3.rel1.win32_1.0.0.202411081344/tools/bin/../lib/gcc/arm-none-eabi/13.3.1/../../../../arm-none-eabi/lib/thumb/v6-m/nofp\libc_nano.a(libc_a-puts.o) (__swsetup_r)
C:/ST/STM32CubeIDE_1.19.0/STM32CubeIDE/plugins/com.st.stm32cube.ide.mcu.externaltools.gnu-tools-for-stm32.13.3.rel1.win32_1.0.0.202411081344/tools/bin/../lib/gcc/arm-none-eabi/13.3.1/../../../../arm-none-eabi/lib/thumb/v6-m/nofp\libc_nano.a(libc_a-memset.o)
                              C:/ST/STM32CubeIDE_1.19.0/STM32CubeIDE/plugins/com.st.stm32cube.ide.mcu.externaltools.gnu-tools-for-stm32.13.3.rel1.win32_1.0.0.202411081344/tools/bin/../lib/gcc/arm-none-eabi/13.3.1/../../../../arm-none-eabi/lib/thumb/v6-m/nofp/crt0.o (memset)
C:/ST/STM32CubeIDE_1.19.0/STM32CubeIDE/plugins/com.st.stm32cube.ide.mcu.externaltools.gnu-tools-for-stm32.13.3.rel1.win32_1.0.0.202411081344/tools/bin/../lib/gcc/arm-none-eabi/13.3.1/../../../../arm-none-eabi/lib/thumb/v6-m/nofp\libc_nano.a(libc_a-closer.o)
                              C:/ST/STM32CubeIDE_1.19.0/STM32CubeIDE/plugins/com.st.stm32cube.ide.mcu.externaltools.gnu-tools-for-stm32.13.3.rel1.win32_1.0.0.202411081344/tools/bin/../lib/gcc/arm-none-eabi/13.3.1/../../../../arm-none-eabi/lib/thumb/v6-m/nofp\libc_nano.a(libc_a-stdio.o) (_close_r)
[...]
Memory Configuration

Name             Origin             Length             Attributes
RAM              0x20000000         0x00009000         xrw
FLASH            0x08000000         0x00020000         xr
*default*        0x00000000         0xffffffff

Linker script and memory map

LOAD C:/ST/STM32CubeIDE_1.19.0/STM32CubeIDE/plugins/com.st.stm32cube.ide.mcu.externaltools.gnu-tools-for-stm32.13.3.rel1.win32_1.0.0.202411081344/tools/bin/../lib/gcc/arm-none-eabi/13.3.1/thumb/v6-m/nofp/crti.o
LOAD C:/ST/STM32CubeIDE_1.19.0/STM32CubeIDE/plugins/com.st.stm32cube.ide.mcu.externaltools.gnu-tools-for-stm32.13.3.rel1.win32_1.0.0.202411081344/tools/bin/../lib/gcc/arm-none-eabi/13.3.1/thumb/v6-m/nofp/crtbegin.o
LOAD C:/ST/STM32CubeIDE_1.19.0/STM32CubeIDE/plugins/com.st.stm32cube.ide.mcu.externaltools.gnu-tools-for-stm32.13.3.rel1.win32_1.0.0.202411081344/tools/bin/../lib/gcc/arm-none-eabi/13.3.1/../../../../arm-none-eabi/lib/thumb/v6-m/nofp/crt0.o
LOAD ./Core/Src/main.o
LOAD ./Core/Src/retarget.o
LOAD ./Core/Src/stm32g0xx_hal_msp.o
LOAD ./Core/Src/stm32g0xx_it.o
LOAD ./Core/Src/syscalls.o
LOAD ./Core/Src/sysmem.o
LOAD ./Core/Src/system_stm32g0xx.o
LOAD ./Core/Startup/startup_stm32g071rbtx.o
LOAD ./Drivers/STM32G0xx_HAL_Driver/Src/stm32g0xx_hal.o
LOAD ./Drivers/STM32G0xx_HAL_Driver/Src/stm32g0xx_hal_cortex.o
LOAD ./Drivers/STM32G0xx_HAL_Driver/Src/stm32g0xx_hal_dma.o
LOAD ./Drivers/STM32G0xx_HAL_Driver/Src/stm32g0xx_hal_dma_ex.o
LOAD ./Drivers/STM32G0xx_HAL_Driver/Src/stm32g0xx_hal_exti.o
LOAD ./Drivers/STM32G0xx_HAL_Driver/Src/stm32g0xx_hal_flash.o
LOAD ./Drivers/STM32G0xx_HAL_Driver/Src/stm32g0xx_hal_flash_ex.o
LOAD ./Drivers/STM32G0xx_HAL_Driver/Src/stm32g0xx_hal_gpio.o
LOAD ./Drivers/STM32G0xx_HAL_Driver/Src/stm32g0xx_hal_pwr.o
LOAD ./Drivers/STM32G0xx_HAL_Driver/Src/stm32g0xx_hal_pwr_ex.o
LOAD ./Drivers/STM32G0xx_HAL_Driver/Src/stm32g0xx_hal_rcc.o
LOAD ./Drivers/STM32G0xx_HAL_Driver/Src/stm32g0xx_hal_rcc_ex.o
LOAD ./Drivers/STM32G0xx_HAL_Driver/Src/stm32g0xx_hal_uart.o
LOAD ./Drivers/STM32G0xx_HAL_Driver/Src/stm32g0xx_hal_uart_ex.o
LOAD ./Drivers/STM32G0xx_HAL_Driver/Src/stm32g0xx_ll_rcc.o
START GROUP
LOAD C:/ST/STM32CubeIDE_1.19.0/STM32CubeIDE/plugins/com.st.stm32cube.ide.mcu.externaltools.gnu-tools-for-stm32.13.3.rel1.win32_1.0.0.202411081344/tools/bin/../lib/gcc/arm-none-eabi/13.3.1/../../../../arm-none-eabi/lib/thumb/v6-m/nofp\libc_nano.a
LOAD C:/ST/STM32CubeIDE_1.19.0/STM32CubeIDE/plugins/com.st.stm32cube.ide.mcu.externaltools.gnu-tools-for-stm32.13.3.rel1.win32_1.0.0.202411081344/tools/bin/../lib/gcc/arm-none-eabi/13.3.1/../../../../arm-none-eabi/lib/thumb/v6-m/nofp\libm.a
END GROUP
START GROUP
LOAD C:/ST/STM32CubeIDE_1.19.0/STM32CubeIDE/plugins/com.st.stm32cube.ide.mcu.externaltools.gnu-tools-for-stm32.13.3.rel1.win32_1.0.0.202411081344/tools/bin/../lib/gcc/arm-none-eabi/13.3.1/thumb/v6-m/nofp\libgcc.a
LOAD C:/ST/STM32CubeIDE_1.19.0/STM32CubeIDE/plugins/com.st.stm32cube.ide.mcu.externaltools.gnu-tools-for-stm32.13.3.rel1.win32_1.0.0.202411081344/tools/bin/../lib/gcc/arm-none-eabi/13.3.1/../../../../arm-none-eabi/lib/thumb/v6-m/nofp\libc_nano.a
END GROUP
START GROUP
LOAD C:/ST/STM32CubeIDE_1.19.0/STM32CubeIDE/plugins/com.st.stm32cube.ide.mcu.externaltools.gnu-tools-for-stm32.13.3.rel1.win32_1.0.0.202411081344/tools/bin/../lib/gcc/arm-none-eabi/13.3.1/thumb/v6-m/nofp\libgcc.a
LOAD C:/ST/STM32CubeIDE_1.19.0/STM32CubeIDE/plugins/com.st.stm32cube.ide.mcu.externaltools.gnu-tools-for-stm32.13.3.rel1.win32_1.0.0.202411081344/tools/bin/../lib/gcc/arm-none-eabi/13.3.1/../../../../arm-none-eabi/lib/thumb/v6-m/nofp\libc_nano.a
LOAD C:/ST/STM32CubeIDE_1.19.0/STM32CubeIDE/plugins/com.st.stm32cube.ide.mcu.externaltools.gnu-tools-for-stm32.13.3.rel1.win32_1.0.0.202411081344/tools/bin/../lib/gcc/arm-none-eabi/13.3.1/../../../../arm-none-eabi/lib/thumb/v6-m/nofp\libnosys.a
END GROUP
START GROUP
LOAD C:/ST/STM32CubeIDE_1.19.0/STM32CubeIDE/plugins/com.st.stm32cube.ide.mcu.externaltools.gnu-tools-for-stm32.13.3.rel1.win32_1.0.0.202411081344/tools/bin/../lib/gcc/arm-none-eabi/13.3.1/thumb/v6-m/nofp\libgcc.a
LOAD C:/ST/STM32CubeIDE_1.19.0/STM32CubeIDE/plugins/com.st.stm32cube.ide.mcu.externaltools.gnu-tools-for-stm32.13.3.rel1.win32_1.0.0.202411081344/tools/bin/../lib/gcc/arm-none-eabi/13.3.1/../../../../arm-none-eabi/lib/thumb/v6-m/nofp\libc_nano.a
LOAD C:/ST/STM32CubeIDE_1.19.0/STM32CubeIDE/plugins/com.st.stm32cube.ide.mcu.externaltools.gnu-tools-for-stm32.13.3.rel1.win32_1.0.0.202411081344/tools/bin/../lib/gcc/arm-none-eabi/13.3.1/../../../../arm-none-eabi/lib/thumb/v6-m/nofp\libnosys.a
END GROUP
LOAD C:/ST/STM32CubeIDE_1.19.0/STM32CubeIDE/plugins/com.st.stm32cube.ide.mcu.externaltools.gnu-tools-for-stm32.13.3.rel1.win32_1.0.0.202411081344/tools/bin/../lib/gcc/arm-none-eabi/13.3.1/thumb/v6-m/nofp/crtend.o
LOAD C:/ST/STM32CubeIDE_1.19.0/STM32CubeIDE/plugins/com.st.stm32cube.ide.mcu.externaltools.gnu-tools-for-stm32.13.3.rel1.win32_1.0.0.202411081344/tools/bin/../lib/gcc/arm-none-eabi/13.3.1/thumb/v6-m/nofp/crtn.o
                0x20009000                        _estack = (ORIGIN (RAM) + LENGTH (RAM))
                0x00000200                        _Min_Heap_Size = 0x200
                0x00000400                        _Min_Stack_Size = 0x400

.isr_vector     0x08000000       0xbc
                0x08000000                        . = ALIGN (0x4)
 *(.isr_vector)
 .isr_vector    0x08000000       0xbc ./Core/Startup/startup_stm32g071rbtx.o
                0x08000000                g_pfnVectors
                0x080000bc                        . = ALIGN (0x4)

.text           0x080000bc     0x35d4
                0x080000bc                        . = ALIGN (0x4)
 *(.text)
 .text          0x080000bc       0x48 C:/ST/STM32CubeIDE_1.19.0/STM32CubeIDE/plugins/com.st.stm32cube.ide.mcu.externaltools.gnu-tools-for-stm32.13.3.rel1.win32_1.0.0.202411081344/tools/bin/../lib/gcc/arm-none-eabi/13.3.1/thumb/v6-m/nofp/crtbegin.o
 .text          0x08000104      0x114 C:/ST/STM32CubeIDE_1.19.0/STM32CubeIDE/plugins/com.st.stm32cube.ide.mcu.externaltools.gnu-tools-for-stm32.13.3.rel1.win32_1.0.0.202411081344/tools/bin/../lib/gcc/arm-none-eabi/13.3.1/thumb/v6-m/nofp\libgcc.a(_udivsi3.o)
                0x08000104                __aeabi_uidiv
                0x08000104                __udivsi3
                0x08000210                __aeabi_uidivmod
 .text          0x08000218      0x1d4 C:/ST/STM32CubeIDE_1.19.0/STM32CubeIDE/plugins/com.st.stm32cube.ide.mcu.externaltools.gnu-tools-for-stm32.13.3.rel1.win32_1.0.0.202411081344/tools/bin/../lib/gcc/arm-none-eabi/13.3.1/thumb/v6-m/nofp\libgcc.a(_divsi3.o)
                0x08000218                __divsi3
                0x08000218                __aeabi_idiv
                0x080003e4                __aeabi_idivmod
 .text          0x080003ec        0x4 C:/ST/STM32CubeIDE_1.19.0/STM32CubeIDE/plugins/com.st.stm32cube.ide.mcu.externaltools.gnu-tools-for-stm32.13.3.rel1.win32_1.0.0.202411081344/tools/bin/../lib/gcc/arm-none-eabi/13.3.1/thumb/v6-m/nofp\libgcc.a(_dvmd_tls.o)
                0x080003ec                __aeabi_idiv0
                0x080003ec                __aeabi_ldiv0
 .text          0x080003f0       0x40 C:/ST/STM32CubeIDE_1.19.0/STM32CubeIDE/plugins/com.st.stm32cube.ide.mcu.externaltools.gnu-tools-for-stm32.13.3.rel1.win32_1.0.0.202411081344/tools/bin/../lib/gcc/arm-none-eabi/13.3.1/thumb/v6-m/nofp\libgcc.a(_aeabi_uldivmod.o)
                0x080003f0                __aeabi_uldivmod
 .text          0x08000430      0x198 C:/ST/STM32CubeIDE_1.19.0/STM32CubeIDE/plugins/com.st.stm32cube.ide.mcu.externaltools.gnu-tools-for-stm32.13.3.rel1.win32_1.0.0.202411081344/tools/bin/../lib/gcc/arm-none-eabi/13.3.1/thumb/v6-m/nofp\libgcc.a(_udivmoddi4.o)
                0x08000430                __udivmoddi4
 .text          0x080005c8       0x18 C:/ST/STM32CubeIDE_1.19.0/STM32CubeIDE/plugins/com.st.stm32cube.ide.mcu.externaltools.gnu-tools-for-stm32.13.3.rel1.win32_1.0.0.202411081344/tools/bin/../lib/gcc/arm-none-eabi/13.3.1/thumb/v6-m/nofp\libgcc.a(_clzdi2.o)
                0x080005c8                __clzdi2
 .text          0x080005e0       0x3c C:/ST/STM32CubeIDE_1.19.0/STM32CubeIDE/plugins/com.st.stm32cube.ide.mcu.externaltools.gnu-tools-for-stm32.13.3.rel1.win32_1.0.0.202411081344/tools/bin/../lib/gcc/arm-none-eabi/13.3.1/thumb/v6-m/nofp\libgcc.a(_clzsi2.o)
                0x080005e0                __clzsi2
 *(.text*)
 .text.main     0x0800061c       0x48 ./Core/Src/main.o
                0x0800061c                main
 .text.SystemClock_Config
                0x08000664       0x90 ./Core/Src/main.o
                0x08000664                SystemClock_Config
 .text.MX_USART2_UART_Init
                0x080006f4       0x9c ./Core/Src/main.o
 .text.MX_GPIO_Init
                0x08000790       0xa0 ./Core/Src/main.o
 .text.Error_Handler
                0x08000830        0xc ./Core/Src/main.o
                0x08000830                Error_Handler
 .text.__io_write
                0x0800083c       0x28 ./Core/Src/retarget.o
                0x0800083c                __io_write
 .text._write   0x08000864       0x22 ./Core/Src/retarget.o
                0x08000864                _write
 *fill*         0x08000886        0x2 
 .text.HAL_MspInit
                0x08000888       0x48 ./Core/Src/stm32g0xx_hal_msp.o
                0x08000888                HAL_MspInit
 .text.HAL_UART_MspInit
                0x080008d0       0xc0 ./Core/Src/stm32g0xx_hal_msp.o
                0x080008d0                HAL_UART_MspInit
 .text.NMI_Handler
                0x08000990        0x8 ./Core/Src/stm32g0xx_it.o
                0x08000990                NMI_Handler
 .text.HardFault_Handler
                0x08000998        0x8 ./Core/Src/stm32g0xx_it.o
                0x08000998                HardFault_Handler
 .text.SVC_Handler
                0x080009a0        0xa ./Core/Src/stm32g0xx_it.o
                0x080009a0                SVC_Handler
 .text.PendSV_Handler
                0x080009aa        0xa ./Core/Src/stm32g0xx_it.o
                0x080009aa                PendSV_Handler
 .text.SysTick_Handler
                0x080009b4        0xe ./Core/Src/stm32g0xx_it.o
                0x080009b4                SysTick_Handler
 .text._read    0x080009c2       0x3a ./Core/Src/syscalls.o
                0x080009c2                _read
 .text._close   0x080009fc       0x14 ./Core/Src/syscalls.o
                0x080009fc                _close
 .text._fstat   0x08000a10       0x1c ./Core/Src/syscalls.o
                0x08000a10                _fstat
 .text._isatty  0x08000a2c       0x12 ./Core/Src/syscalls.o
                0x08000a2c                _isatty
 .text._lseek   0x08000a3e       0x16 ./Core/Src/syscalls.o
                0x08000a3e                _lseek
 .text._sbrk    0x08000a54       0x6c ./Core/Src/sysmem.o
                0x08000a54                _sbrk
 .text.SystemInit
                0x08000ac0        0xa ./Core/Src/system_stm32g0xx.o
                0x08000ac0                SystemInit
 *fill*         0x08000aca        0x2 
 .text.Reset_Handler
                0x08000acc       0x50 ./Core/Startup/startup_stm32g071rbtx.o
                0x08000acc                Reset_Handler
 .text.Default_Handler
                0x08000b1c        0x2 ./Core/Startup/startup_stm32g071rbtx.o
                0x08000b1c                USART3_4_LPUART1_IRQHandler
                0x08000b1c                TIM1_CC_IRQHandler
                0x08000b1c                ADC1_COMP_IRQHandler
                0x08000b1c                PVD_IRQHandler
                0x08000b1c                I2C1_IRQHandler
                0x08000b1c                TIM7_LPTIM2_IRQHandler
                0x08000b1c                RTC_TAMP_IRQHandler
                0x08000b1c                SPI1_IRQHandler
                0x08000b1c                EXTI2_3_IRQHandler
                0x08000b1c                I2C2_IRQHandler
                0x08000b1c                TIM17_IRQHandler
                0x08000b1c                TIM16_IRQHandler
                0x08000b1c                TIM3_IRQHandler
                0x08000b1c                EXTI4_15_IRQHandler
                0x08000b1c                RCC_IRQHandler
                0x08000b1c                DMA1_Channel1_IRQHandler
                0x08000b1c                Default_Handler
                0x08000b1c                CEC_IRQHandler
                0x08000b1c                TIM14_IRQHandler
                0x08000b1c                TIM15_IRQHandler
                0x08000b1c                EXTI0_1_IRQHandler
                0x08000b1c                SPI2_IRQHandler
                0x08000b1c                TIM6_DAC_LPTIM1_IRQHandler
                0x08000b1c                WWDG_IRQHandler
                0x08000b1c                TIM2_IRQHandler
                0x08000b1c                DMA1_Ch4_7_DMAMUX1_OVR_IRQHandler
                0x08000b1c                DMA1_Channel2_3_IRQHandler
                0x08000b1c                UCPD1_2_IRQHandler
                0x08000b1c                USART2_IRQHandler
                0x08000b1c                FLASH_IRQHandler
                0x08000b1c                USART1_IRQHandler
                0x08000b1c                TIM1_BRK_UP_TRG_COM_IRQHandler
 *fill*         0x08000b1e        0x2 
 .text.HAL_Init
                0x08000b20       0x40 ./Drivers/STM32G0xx_HAL_Driver/Src/stm32g0xx_hal.o
                0x08000b20                HAL_Init
 .text.HAL_InitTick
                0x08000b60       0x94 ./Drivers/STM32G0xx_HAL_Driver/Src/stm32g0xx_hal.o
                0x08000b60                HAL_InitTick
 .text.HAL_IncTick
                0x08000bf4       0x24 ./Drivers/STM32G0xx_HAL_Driver/Src/stm32g0xx_hal.o
                0x08000bf4                HAL_IncTick
 .text.HAL_GetTick
                0x08000c18       0x14 ./Drivers/STM32G0xx_HAL_Driver/Src/stm32g0xx_hal.o
                0x08000c18                HAL_GetTick
 .text.HAL_Delay
                0x08000c2c       0x48 ./Drivers/STM32G0xx_HAL_Driver/Src/stm32g0xx_hal.o
                0x08000c2c                HAL_Delay
 .text.__NVIC_SetPriority
                0x08000c74       0xdc ./Drivers/STM32G0xx_HAL_Driver/Src/stm32g0xx_hal_cortex.o
 .text.SysTick_Config
                0x08000d50       0x48 ./Drivers/STM32G0xx_HAL_Driver/Src/stm32g0xx_hal_cortex.o
 .text.HAL_NVIC_SetPriority
                0x08000d98       0x2a ./Drivers/STM32G0xx_HAL_Driver/Src/stm32g0xx_hal_cortex.o
                0x08000d98                HAL_NVIC_SetPriority
 .text.HAL_SYSTICK_Config
                0x08000dc2       0x1a ./Drivers/STM32G0xx_HAL_Driver/Src/stm32g0xx_hal_cortex.o
                0x08000dc2                HAL_SYSTICK_Config
 .text.HAL_GPIO_Init
                0x08000ddc      0x2c8 ./Drivers/STM32G0xx_HAL_Driver/Src/stm32g0xx_hal_gpio.o
                0x08000ddc                HAL_GPIO_Init
 .text.HAL_GPIO_WritePin
                0x080010a4       0x3a ./Drivers/STM32G0xx_HAL_Driver/Src/stm32g0xx_hal_gpio.o
                0x080010a4                HAL_GPIO_WritePin
 .text.HAL_GPIO_TogglePin
                0x080010de       0x36 ./Drivers/STM32G0xx_HAL_Driver/Src/stm32g0xx_hal_gpio.o
                0x080010de                HAL_GPIO_TogglePin
 .text.HAL_PWREx_ControlVoltageScaling
                0x08001114       0x80 ./Drivers/STM32G0xx_HAL_Driver/Src/stm32g0xx_hal_pwr_ex.o
                0x08001114                HAL_PWREx_ControlVoltageScaling
 .text.LL_RCC_GetAPB1Prescaler
                0x08001194       0x18 ./Drivers/STM32G0xx_HAL_Driver/Src/stm32g0xx_hal_rcc.o
 .text.HAL_RCC_OscConfig
                0x080011ac      0x634 ./Drivers/STM32G0xx_HAL_Driver/Src/stm32g0xx_hal_rcc.o
                0x080011ac                HAL_RCC_OscConfig
 .text.HAL_RCC_ClockConfig
                0x080017e0      0x210 ./Drivers/STM32G0xx_HAL_Driver/Src/stm32g0xx_hal_rcc.o
                0x080017e0                HAL_RCC_ClockConfig
 .text.HAL_RCC_GetSysClockFreq
                0x080019f0      0x104 ./Drivers/STM32G0xx_HAL_Driver/Src/stm32g0xx_hal_rcc.o
                0x080019f0                HAL_RCC_GetSysClockFreq
 .text.HAL_RCC_GetHCLKFreq
                0x08001af4       0x14 ./Drivers/STM32G0xx_HAL_Driver/Src/stm32g0xx_hal_rcc.o
                0x08001af4                HAL_RCC_GetHCLKFreq
 .text.HAL_RCC_GetPCLK1Freq
                0x08001b08       0x2c ./Drivers/STM32G0xx_HAL_Driver/Src/stm32g0xx_hal_rcc.o
                0x08001b08                HAL_RCC_GetPCLK1Freq
 .text.HAL_RCCEx_PeriphCLKConfig
                0x08001b34      0x370 ./Drivers/STM32G0xx_HAL_Driver/Src/stm32g0xx_hal_rcc_ex.o
                0x08001b34                HAL_RCCEx_PeriphCLKConfig
 .text.HAL_UART_Init
                0x08001ea4       0xac ./Drivers/STM32G0xx_HAL_Driver/Src/stm32g0xx_hal_uart.o
                0x08001ea4                HAL_UART_Init
 .text.HAL_UART_Transmit
                0x08001f50      0x148 ./Drivers/STM32G0xx_HAL_Driver/Src/stm32g0xx_hal_uart.o
                0x08001f50                HAL_UART_Transmit
 .text.UART_SetConfig
                0x08002098      0x57c ./Drivers/STM32G0xx_HAL_Driver/Src/stm32g0xx_hal_uart.o
                0x08002098                UART_SetConfig
 .text.UART_AdvFeatureConfig
                0x08002614      0x168 ./Drivers/STM32G0xx_HAL_Driver/Src/stm32g0xx_hal_uart.o
                0x08002614                UART_AdvFeatureConfig
 .text.UART_CheckIdleState
                0x0800277c      0x154 ./Drivers/STM32G0xx_HAL_Driver/Src/stm32g0xx_hal_uart.o
                0x0800277c                UART_CheckIdleState
 .text.UART_WaitOnFlagUntilTimeout
                0x080028d0       0xde ./Drivers/STM32G0xx_HAL_Driver/Src/stm32g0xx_hal_uart.o
                0x080028d0                UART_WaitOnFlagUntilTimeout
 *fill*         0x080029ae        0x2 
 .text.UART_EndRxTransfer
                0x080029b0       0xcc ./Drivers/STM32G0xx_HAL_Driver/Src/stm32g0xx_hal_uart.o
 .text.HAL_UARTEx_DisableFifoMode
                0x08002a7c       0x74 ./Drivers/STM32G0xx_HAL_Driver/Src/stm32g0xx_hal_uart_ex.o
                0x08002a7c                HAL_UARTEx_DisableFifoMode
 .text.HAL_UARTEx_SetTxFifoThreshold
                0x08002af0       0x7e ./Drivers/STM32G0xx_HAL_Driver/Src/stm32g0xx_hal_uart_ex.o
                0x08002af0                HAL_UARTEx_SetTxFifoThreshold
 *fill*         0x08002b6e        0x2 
 .text.HAL_UARTEx_SetRxFifoThreshold
                0x08002b70       0x84 ./Drivers/STM32G0xx_HAL_Driver/Src/stm32g0xx_hal_uart_ex.o
                0x08002b70                HAL_UARTEx_SetRxFifoThreshold
 .text.UARTEx_SetNbDataToProcess
                0x08002bf4       0xbc ./Drivers/STM32G0xx_HAL_Driver/Src/stm32g0xx_hal_uart_ex.o
 .text.std      0x08002cb0       0x6c C:/ST/STM32CubeIDE_1.19.0/STM32CubeIDE/plugins/com.st.stm32cube.ide.mcu.externaltools.gnu-tools-for-stm32.13.3.rel1.win32_1.0.0.202411081344/tools/bin/../lib/gcc/arm-none-eabi/13.3.1/../../../../arm-none-eabi/lib/thumb/v6-m/nofp\libc_nano.a(libc_a-findfp.o)
 .text.stdio_exit_handler
                0x08002d1c       0x1c C:/ST/STM32CubeIDE_1.19.0/STM32CubeIDE/plugins/com.st.stm32cube.ide.mcu.externaltools.gnu-tools-for-stm32.13.3.rel1.win32_1.0.0.202411081344/tools/bin/../lib/gcc/arm-none-eabi/13.3.1/../../../../arm-none-eabi/lib/thumb/v6-m/nofp\libc_nano.a(libc_a-findfp.o)
 .text.cleanup_stdio
                0x08002d38       0x3c C:/ST/STM32CubeIDE_1.19.0/STM32CubeIDE/plugins/com.st.stm32cube.ide.mcu.externaltools.gnu-tools-for-stm32.13.3.rel1.win32_1.0.0.202411081344/tools/bin/../lib/gcc/arm-none-eabi/13.3.1/../../../../arm-none-eabi/lib/thumb/v6-m/nofp\libc_nano.a(libc_a-findfp.o)
 .text.global_stdio_init.part.0
                0x08002d74       0x3c C:/ST/STM32CubeIDE_1.19.0/STM32CubeIDE/plugins/com.st.stm32cube.ide.mcu.externaltools.gnu-tools-for-stm32.13.3.rel1.win32_1.0.0.202411081344/tools/bin/../lib/gcc/arm-none-eabi/13.3.1/../../../../arm-none-eabi/lib/thumb/v6-m/nofp\libc_nano.a(libc_a-findfp.o)
 .text.__sfp_lock_acquire
                0x08002db0       0x10 C:/ST/STM32CubeIDE_1.19.0/STM32CubeIDE/plugins/com.st.stm32cube.ide.mcu.externaltools.gnu-tools-for-stm32.13.3.rel1.win32_1.0.0.202411081344/tools/bin/../lib/gcc/arm-none-eabi/13.3.1/../../../../arm-none-eabi/lib/thumb/v6-m/nofp\libc_nano.a(libc_a-findfp.o)
                0x08002db0                __sfp_lock_acquire
 .text.__sfp_lock_release
                0x08002dc0       0x10 C:/ST/STM32CubeIDE_1.19.0/STM32CubeIDE/plugins/com.st.stm32cube.ide.mcu.externaltools.gnu-tools-for-stm32.13.3.rel1.win32_1.0.0.202411081344/tools/bin/../lib/gcc/arm-none-eabi/13.3.1/../../../../arm-none-eabi/lib/thumb/v6-m/nofp\libc_nano.a(libc_a-findfp.o)
                0x08002dc0                __sfp_lock_release
 .text.__sinit  0x08002dd0       0x30 C:/ST/STM32CubeIDE_1.19.0/STM32CubeIDE/plugins/com.st.stm32cube.ide.mcu.externaltools.gnu-tools-for-stm32.13.3.rel1.win32_1.0.0.202411081344/tools/bin/../lib/gcc/arm-none-eabi/13.3.1/../../../../arm-none-eabi/lib/thumb/v6-m/nofp\libc_nano.a(libc_a-findfp.o)
                0x08002dd0                __sinit
 .text._fwalk_sglue
                0x08002e00       0x38 C:/ST/STM32CubeIDE_1.19.0/STM32CubeIDE/plugins/com.st.stm32cube.ide.mcu.externaltools.gnu-tools-for-stm32.13.3.rel1.win32_1.0.0.202411081344/tools/bin/../lib/gcc/arm-none-eabi/13.3.1/../../../../arm-none-eabi/lib/thumb/v6-m/nofp\libc_nano.a(libc_a-fwalk.o)
                0x08002e00                _fwalk_sglue
 .text._puts_r  0x08002e38       0xac C:/ST/STM32CubeIDE_1.19.0/STM32CubeIDE/plugins/com.st.stm32cube.ide.mcu.externaltools.gnu-tools-for-stm32.13.3.rel1.win32_1.0.0.202411081344/tools/bin/../lib/gcc/arm-none-eabi/13.3.1/../../../../arm-none-eabi/lib/thumb/v6-m/nofp\libc_nano.a(libc_a-puts.o)
                0x08002e38                _puts_r
 .text.puts     0x08002ee4       0x14 C:/ST/STM32CubeIDE_1.19.0/STM32CubeIDE/plugins/com.st.stm32cube.ide.mcu.externaltools.gnu-tools-for-stm32.13.3.rel1.win32_1.0.0.202411081344/tools/bin/../lib/gcc/arm-none-eabi/13.3.1/../../../../arm-none-eabi/lib/thumb/v6-m/nofp\libc_nano.a(libc_a-puts.o)
                0x08002ee4                puts
 .text.__sread  0x08002ef8       0x28 C:/ST/STM32CubeIDE_1.19.0/STM32CubeIDE/plugins/com.st.stm32cube.ide.mcu.externaltools.gnu-tools-for-stm32.13.3.rel1.win32_1.0.0.202411081344/tools/bin/../lib/gcc/arm-none-eabi/13.3.1/../../../../arm-none-eabi/lib/thumb/v6-m/nofp\libc_nano.a(libc_a-stdio.o)
                0x08002ef8                __sread
 .text.__swrite
                0x08002f20       0x38 C:/ST/STM32CubeIDE_1.19.0/STM32CubeIDE/plugins/com.st.stm32cube.ide.mcu.externaltools.gnu-tools-for-stm32.13.3.rel1.win32_1.0.0.202411081344/tools/bin/../lib/gcc/arm-none-eabi/13.3.1/../../../../arm-none-eabi/lib/thumb/v6-m/nofp\libc_nano.a(libc_a-stdio.o)
                0x08002f20                __swrite
 .text.__sseek  0x08002f58       0x2c C:/ST/STM32CubeIDE_1.19.0/STM32CubeIDE/plugins/com.st.stm32cube.ide.mcu.externaltools.gnu-tools-for-stm32.13.3.rel1.win32_1.0.0.202411081344/tools/bin/../lib/gcc/arm-none-eabi/13.3.1/../../../../arm-none-eabi/lib/thumb/v6-m/nofp\libc_nano.a(libc_a-stdio.o)
                0x08002f58                __sseek
 .text.__sclose
                0x08002f84        0xc C:/ST/STM32CubeIDE_1.19.0/STM32CubeIDE/plugins/com.st.stm32cube.ide.mcu.externaltools.gnu-tools-for-stm32.13.3.rel1.win32_1.0.0.202411081344/tools/bin/../lib/gcc/arm-none-eabi/13.3.1/../../../../arm-none-eabi/lib/thumb/v6-m/nofp\libc_nano.a(libc_a-stdio.o)
                0x08002f84                __sclose
 .text.__swbuf_r
                0x08002f90       0x84 C:/ST/STM32CubeIDE_1.19.0/STM32CubeIDE/plugins/com.st.stm32cube.ide.mcu.externaltools.gnu-tools-for-stm32.13.3.rel1.win32_1.0.0.202411081344/tools/bin/../lib/gcc/arm-none-eabi/13.3.1/../../../../arm-none-eabi/lib/thumb/v6-m/nofp\libc_nano.a(libc_a-wbuf.o)
                0x08002f90                __swbuf_r
 .text.__swsetup_r
                0x08003014       0xbc C:/ST/STM32CubeIDE_1.19.0/STM32CubeIDE/plugins/com.st.stm32cube.ide.mcu.externaltools.gnu-tools-for-stm32.13.3.rel1.win32_1.0.0.202411081344/tools/bin/../lib/gcc/arm-none-eabi/13.3.1/../../../../arm-none-eabi/lib/thumb/v6-m/nofp\libc_nano.a(libc_a-wsetup.o)
                0x08003014                __swsetup_r
 .text.memset   0x080030d0       0x10 C:/ST/STM32CubeIDE_1.19.0/STM32CubeIDE/plugins/com.st.stm32cube.ide.mcu.externaltools.gnu-tools-for-stm32.13.3.rel1.win32_1.0.0.202411081344/tools/bin/../lib/gcc/arm-none-eabi/13.3.1/../../../../arm-none-eabi/lib/thumb/v6-m/nofp\libc_nano.a(libc_a-memset.o)
                0x080030d0                memset
 .text._close_r
                0x080030e0       0x24 C:/ST/STM32CubeIDE_1.19.0/STM32CubeIDE/plugins/com.st.stm32cube.ide.mcu.externaltools.gnu-tools-for-stm32.13.3.rel1.win32_1.0.0.202411081344/tools/bin/../lib/gcc/arm-none-eabi/13.3.1/../../../../arm-none-eabi/lib/thumb/v6-m/nofp\libc_nano.a(libc_a-closer.o)
                0x080030e0                _close_r
 .text._lseek_r
                0x08003104       0x28 C:/ST/STM32CubeIDE_1.19.0/STM32CubeIDE/plugins/com.st.stm32cube.ide.mcu.externaltools.gnu-tools-for-stm32.13.3.rel1.win32_1.0.0.202411081344/tools/bin/../lib/gcc/arm-none-eabi/13.3.1/../../../../arm-none-eabi/lib/thumb/v6-m/nofp\libc_nano.a(libc_a-lseekr.o)
                0x08003104                _lseek_r
 .text._read_r  0x0800312c       0x28 C:/ST/STM32CubeIDE_1.19.0/STM32CubeIDE/plugins/com.st.stm32cube.ide.mcu.externaltools.gnu-tools-for-stm32.13.3.rel1.win32_1.0.0.202411081344/tools/bin/../lib/gcc/arm-none-eabi/13.3.1/../../../../arm-none-eabi/lib/thumb/v6-m/nofp\libc_nano.a(libc_a-readr.o)
                0x0800312c                _read_r
 .text._write_r
                0x08003154       0x28 C:/ST/STM32CubeIDE_1.19.0/STM32CubeIDE/plugins/com.st.stm32cube.ide.mcu.externaltools.gnu-tools-for-stm32.13.3.rel1.win32_1.0.0.202411081344/tools/bin/../lib/gcc/arm-none-eabi/13.3.1/../../../../arm-none-eabi/lib/thumb/v6-m/nofp\libc_nano.a(libc_a-writer.o)
                0x08003154                _write_r
 .text.__errno  0x0800317c        0xc C:/ST/STM32CubeIDE_1.19.0/STM32CubeIDE/plugins/com.st.stm32cube.ide.mcu.externaltools.gnu-tools-for-stm32.13.3.rel1.win32_1.0.0.202411081344/tools/bin/../lib/gcc/arm-none-eabi/13.3.1/../../../../arm-none-eabi/lib/thumb/v6-m/nofp\libc_nano.a(libc_a-errno.o)
                0x0800317c                __errno
 .text.__libc_init_array
                0x08003188       0x48 C:/ST/STM32CubeIDE_1.19.0/STM32CubeIDE/plugins/com.st.stm32cube.ide.mcu.externaltools.gnu-tools-for-stm32.13.3.rel1.win32_1.0.0.202411081344/tools/bin/../lib/gcc/arm-none-eabi/13.3.1/../../../../arm-none-eabi/lib/thumb/v6-m/nofp\libc_nano.a(libc_a-init.o)
                0x08003188                __libc_init_array
 .text.__retarget_lock_init_recursive
                0x080031d0        0x2 C:/ST/STM32CubeIDE_1.19.0/STM32CubeIDE/plugins/com.st.stm32cube.ide.mcu.externaltools.gnu-tools-for-stm32.13.3.rel1.win32_1.0.0.202411081344/tools/bin/../lib/gcc/arm-none-eabi/13.3.1/../../../../arm-none-eabi/lib/thumb/v6-m/nofp\libc_nano.a(libc_a-lock.o)
                0x080031d0                __retarget_lock_init_recursive
 .text.__retarget_lock_acquire_recursive
                0x080031d2        0x2 C:/ST/STM32CubeIDE_1.19.0/STM32CubeIDE/plugins/com.st.stm32cube.ide.mcu.externaltools.gnu-tools-for-stm32.13.3.rel1.win32_1.0.0.202411081344/tools/bin/../lib/gcc/arm-none-eabi/13.3.1/../../../../arm-none-eabi/lib/thumb/v6-m/nofp\libc_nano.a(libc_a-lock.o)
                0x080031d2                __retarget_lock_acquire_recursive
 .text.__retarget_lock_release_recursive
                0x080031d4        0x2 C:/ST/STM32CubeIDE_1.19.0/STM32CubeIDE/plugins/com.st.stm32cube.ide.mcu.externaltools.gnu-tools-for-stm32.13.3.rel1.win32_1.0.0.202411081344/tools/bin/../lib/gcc/arm-none-eabi/13.3.1/../../../../arm-none-eabi/lib/thumb/v6-m/nofp\libc_nano.a(libc_a-lock.o)
                0x080031d4                __retarget_lock_release_recursive
 *fill*         0x080031d6        0x2 
 .text._free_r  0x080031d8       0x94 C:/ST/STM32CubeIDE_1.19.0/STM32CubeIDE/plugins/com.st.stm32cube.ide.mcu.externaltools.gnu-tools-for-stm32.13.3.rel1.win32_1.0.0.202411081344/tools/bin/../lib/gcc/arm-none-eabi/13.3.1/../../../../arm-none-eabi/lib/thumb/v6-m/nofp\libc_nano.a(libc_a-freer.o)
                0x080031d8                _free_r
 .text.sbrk_aligned
                0x0800326c       0x44 C:/ST/STM32CubeIDE_1.19.0/STM32CubeIDE/plugins/com.st.stm32cube.ide.mcu.externaltools.gnu-tools-for-stm32.13.3.rel1.win32_1.0.0.202411081344/tools/bin/../lib/gcc/arm-none-eabi/13.3.1/../../../../arm-none-eabi/lib/thumb/v6-m/nofp\libc_nano.a(libc_a-mallocr.o)
 .text._malloc_r
                0x080032b0      0x100 C:/ST/STM32CubeIDE_1.19.0/STM32CubeIDE/plugins/com.st.stm32cube.ide.mcu.externaltools.gnu-tools-for-stm32.13.3.rel1.win32_1.0.0.202411081344/tools/bin/../lib/gcc/arm-none-eabi/13.3.1/../../../../arm-none-eabi/lib/thumb/v6-m/nofp\libc_nano.a(libc_a-mallocr.o)
                0x080032b0                _malloc_r
 .text.__malloc_lock
                0x080033b0       0x10 C:/ST/STM32CubeIDE_1.19.0/STM32CubeIDE/plugins/com.st.stm32cube.ide.mcu.externaltools.gnu-tools-for-stm32.13.3.rel1.win32_1.0.0.202411081344/tools/bin/../lib/gcc/arm-none-eabi/13.3.1/../../../../arm-none-eabi/lib/thumb/v6-m/nofp\libc_nano.a(libc_a-mlock.o)
                0x080033b0                __malloc_lock
 .text.__malloc_unlock
                0x080033c0       0x10 C:/ST/STM32CubeIDE_1.19.0/STM32CubeIDE/plugins/com.st.stm32cube.ide.mcu.externaltools.gnu-tools-for-stm32.13.3.rel1.win32_1.0.0.202411081344/tools/bin/../lib/gcc/arm-none-eabi/13.3.1/../../../../arm-none-eabi/lib/thumb/v6-m/nofp\libc_nano.a(libc_a-mlock.o)
                0x080033c0                __malloc_unlock
 .text.__sflush_r
                0x080033d0      0x10c C:/ST/STM32CubeIDE_1.19.0/STM32CubeIDE/plugins/com.st.stm32cube.ide.mcu.externaltools.gnu-tools-for-stm32.13.3.rel1.win32_1.0.0.202411081344/tools/bin/../lib/gcc/arm-none-eabi/13.3.1/../../../../arm-none-eabi/lib/thumb/v6-m/nofp\libc_nano.a(libc_a-fflush.o)
                0x080033d0                __sflush_r
 .text._fflush_r
                0x080034dc       0x56 C:/ST/STM32CubeIDE_1.19.0/STM32CubeIDE/plugins/com.st.stm32cube.ide.mcu.externaltools.gnu-tools-for-stm32.13.3.rel1.win32_1.0.0.202411081344/tools/bin/../lib/gcc/arm-none-eabi/13.3.1/../../../../arm-none-eabi/lib/thumb/v6-m/nofp\libc_nano.a(libc_a-fflush.o)
                0x080034dc                _fflush_r
 *fill*         0x08003532        0x2 
 .text.__swhatbuf_r
                0x08003534       0x54 C:/ST/STM32CubeIDE_1.19.0/STM32CubeIDE/plugins/com.st.stm32cube.ide.mcu.externaltools.gnu-tools-for-stm32.13.3.rel1.win32_1.0.0.202411081344/tools/bin/../lib/gcc/arm-none-eabi/13.3.1/../../../../arm-none-eabi/lib/thumb/v6-m/nofp\libc_nano.a(libc_a-makebuf.o)
                0x08003534                __swhatbuf_r
 .text.__smakebuf_r
                0x08003588       0x82 C:/ST/STM32CubeIDE_1.19.0/STM32CubeIDE/plugins/com.st.stm32cube.ide.mcu.externaltools.gnu-tools-for-stm32.13.3.rel1.win32_1.0.0.202411081344/tools/bin/../lib/gcc/arm-none-eabi/13.3.1/../../../../arm-none-eabi/lib/thumb/v6-m/nofp\libc_nano.a(libc_a-makebuf.o)
                0x08003588                __smakebuf_r
 *fill*         0x0800360a        0x2 
 .text._fstat_r
                0x0800360c       0x24 C:/ST/STM32CubeIDE_1.19.0/STM32CubeIDE/plugins/com.st.stm32cube.ide.mcu.externaltools.gnu-tools-for-stm32.13.3.rel1.win32_1.0.0.202411081344/tools/bin/../lib/gcc/arm-none-eabi/13.3.1/../../../../arm-none-eabi/lib/thumb/v6-m/nofp\libc_nano.a(libc_a-fstatr.o)
                0x0800360c                _fstat_r
 .text._isatty_r
                0x08003630       0x24 C:/ST/STM32CubeIDE_1.19.0/STM32CubeIDE/plugins/com.st.stm32cube.ide.mcu.externaltools.gnu-tools-for-stm32.13.3.rel1.win32_1.0.0.202411081344/tools/bin/../lib/gcc/arm-none-eabi/13.3.1/../../../../arm-none-eabi/lib/thumb/v6-m/nofp\libc_nano.a(libc_a-isattyr.o)
                0x08003630                _isatty_r
 .text._sbrk_r  0x08003654       0x24 C:/ST/STM32CubeIDE_1.19.0/STM32CubeIDE/plugins/com.st.stm32cube.ide.mcu.externaltools.gnu-tools-for-stm32.13.3.rel1.win32_1.0.0.202411081344/tools/bin/../lib/gcc/arm-none-eabi/13.3.1/../../../../arm-none-eabi/lib/thumb/v6-m/nofp\libc_nano.a(libc_a-sbrkr.o)
                0x08003654                _sbrk_r
 *(.glue_7)
 .glue_7        0x08003678        0x0 linker stubs
 *(.glue_7t)
 .glue_7t       0x08003678        0x0 linker stubs
 *(.eh_frame)
 .eh_frame      0x08003678        0x0 C:/ST/STM32CubeIDE_1.19.0/STM32CubeIDE/plugins/com.st.stm32cube.ide.mcu.externaltools.gnu-tools-for-stm32.13.3.rel1.win32_1.0.0.202411081344/tools/bin/../lib/gcc/arm-none-eabi/13.3.1/thumb/v6-m/nofp/crtbegin.o
 *(.init)
 .init          0x08003678        0x4 C:/ST/STM32CubeIDE_1.19.0/STM32CubeIDE/plugins/com.st.stm32cube.ide.mcu.externaltools.gnu-tools-for-stm32.13.3.rel1.win32_1.0.0.202411081344/tools/bin/../lib/gcc/arm-none-eabi/13.3.1/thumb/v6-m/nofp/crti.o
                0x08003678                _init
 .init          0x0800367c        0x8 C:/ST/STM32CubeIDE_1.19.0/STM32CubeIDE/plugins/com.st.stm32cube.ide.mcu.externaltools.gnu-tools-for-stm32.13.3.rel1.win32_1.0.0.202411081344/tools/bin/../lib/gcc/arm-none-eabi/13.3.1/thumb/v6-m/nofp/crtn.o
 *(.fini)
 .fini          0x08003684        0x4 C:/ST/STM32CubeIDE_1.19.0/STM32CubeIDE/plugins/com.st.stm32cube.ide.mcu.externaltools.gnu-tools-for-stm32.13.3.rel1.win32_1.0.0.202411081344/tools/bin/../lib/gcc/arm-none-eabi/13.3.1/thumb/v6-m/nofp/crti.o
                0x08003684                _fini
 .fini          0x08003688        0x8 C:/ST/STM32CubeIDE_1.19.0/STM32CubeIDE/plugins/com.st.stm32cube.ide.mcu.externaltools.gnu-tools-for-stm32.13.3.rel1.win32_1.0.0.202411081344/tools/bin/../lib/gcc/arm-none-eabi/13.3.1/thumb/v6-m/nofp/crtn.o
                0x08003690                        . = ALIGN (0x4)
                0x08003690                        _etext = .

.vfp11_veneer   0x08003690        0x0
 .vfp11_veneer  0x08003690        0x0 linker stubs

.v4_bx          0x08003690        0x0
 .v4_bx         0x08003690        0x0 linker stubs

.iplt           0x08003690        0x0
 .iplt          0x08003690        0x0 C:/ST/STM32CubeIDE_1.19.0/STM32CubeIDE/plugins/com.st.stm32cube.ide.mcu.externaltools.gnu-tools-for-stm32.13.3.rel1.win32_1.0.0.202411081344/tools/bin/../lib/gcc/arm-none-eabi/13.3.1/thumb/v6-m/nofp/crtbegin.o

.rodata         0x08003690       0xd8
                0x08003690                        . = ALIGN (0x4)
 *(.rodata)
 .rodata        0x08003690       0x4e ./Core/Src/main.o
 *(.rodata*)
 *fill*         0x080036de        0x2 
 .rodata.AHBPrescTable
                0x080036e0       0x40 ./Core/Src/system_stm32g0xx.o
                0x080036e0                AHBPrescTable
 .rodata.APBPrescTable
                0x08003720       0x20 ./Core/Src/system_stm32g0xx.o
                0x08003720                APBPrescTable
 .rodata.UARTPrescTable
                0x08003740       0x18 ./Drivers/STM32G0xx_HAL_Driver/Src/stm32g0xx_hal_uart.o
                0x08003740                UARTPrescTable
 .rodata.numerator.1
                0x08003758        0x8 ./Drivers/STM32G0xx_HAL_Driver/Src/stm32g0xx_hal_uart_ex.o
 .rodata.denominator.0
                0x08003760        0x8 ./Drivers/STM32G0xx_HAL_Driver/Src/stm32g0xx_hal_uart_ex.o
                0x08003768                        . = ALIGN (0x4)

.ARM.extab      0x08003768        0x0
                0x08003768                        . = ALIGN (0x4)
 *(.ARM.extab* .gnu.linkonce.armextab.*)
                0x08003768                        . = ALIGN (0x4)

.ARM            0x08003768        0x8
                0x08003768                        . = ALIGN (0x4)
                0x08003768                        __exidx_start = .
 *(.ARM.exidx*)
 .ARM.exidx     0x08003768        0x8 C:/ST/STM32CubeIDE_1.19.0/STM32CubeIDE/plugins/com.st.stm32cube.ide.mcu.externaltools.gnu-tools-for-stm32.13.3.rel1.win32_1.0.0.202411081344/tools/bin/../lib/gcc/arm-none-eabi/13.3.1/thumb/v6-m/nofp\libgcc.a(_udivmoddi4.o)
                0x08003770                        __exidx_end = .
                0x08003770                        . = ALIGN (0x4)

.preinit_array  0x08003770        0x0
                0x08003770                        . = ALIGN (0x4)
                0x08003770                        PROVIDE (__preinit_array_start = .)
 *(.preinit_array*)
                0x08003770                        PROVIDE (__preinit_array_end = .)
                0x08003770                        . = ALIGN (0x4)

.init_array     0x08003770        0x4
                0x08003770                        . = ALIGN (0x4)
                0x08003770                        PROVIDE (__init_array_start = .)
 *(SORT_BY_NAME(.init_array.*))
 *(.init_array*)
 .init_array    0x08003770        0x4 C:/ST/STM32CubeIDE_1.19.0/STM32CubeIDE/plugins/com.st.stm32cube.ide.mcu.externaltools.gnu-tools-for-stm32.13.3.rel1.win32_1.0.0.202411081344/tools/bin/../lib/gcc/arm-none-eabi/13.3.1/thumb/v6-m/nofp/crtbegin.o
                0x08003774                        PROVIDE (__init_array_end = .)
                0x08003774                        . = ALIGN (0x4)

.fini_array     0x08003774        0x4
                0x08003774                        . = ALIGN (0x4)
                [!provide]                        PROVIDE (__fini_array_start = .)
 *(SORT_BY_NAME(.fini_array.*))
 *(.fini_array*)
 .fini_array    0x08003774        0x4 C:/ST/STM32CubeIDE_1.19.0/STM32CubeIDE/plugins/com.st.stm32cube.ide.mcu.externaltools.gnu-tools-for-stm32.13.3.rel1.win32_1.0.0.202411081344/tools/bin/../lib/gcc/arm-none-eabi/13.3.1/thumb/v6-m/nofp/crtbegin.o
                [!provide]                        PROVIDE (__fini_array_end = .)
                0x08003778                        . = ALIGN (0x4)
                0x08003778                        _sidata = LOADADDR (.data)

.rel.dyn        0x08003778        0x0
 .rel.iplt      0x08003778        0x0 C:/ST/STM32CubeIDE_1.19.0/STM32CubeIDE/plugins/com.st.stm32cube.ide.mcu.externaltools.gnu-tools-for-stm32.13.3.rel1.win32_1.0.0.202411081344/tools/bin/../lib/gcc/arm-none-eabi/13.3.1/thumb/v6-m/nofp/crtbegin.o

.data           0x20000000       0x68 load address 0x08003778
                0x20000000                        . = ALIGN (0x4)
                0x20000000                        _sdata = .
 *(.data)
 *(.data*)
 .data.SystemCoreClock
                0x20000000        0x4 ./Core/Src/system_stm32g0xx.o
                0x20000000                SystemCoreClock
 .data.uwTickPrio
                0x20000004        0x4 ./Drivers/STM32G0xx_HAL_Driver/Src/stm32g0xx_hal.o
                0x20000004                uwTickPrio
 .data.uwTickFreq
                0x20000008        0x1 ./Drivers/STM32G0xx_HAL_Driver/Src/stm32g0xx_hal.o
                0x20000008                uwTickFreq
 *fill*         0x20000009        0x3 
 .data.__sglue  0x2000000c        0xc C:/ST/STM32CubeIDE_1.19.0/STM32CubeIDE/plugins/com.st.stm32cube.ide.mcu.externaltools.gnu-tools-for-stm32.13.3.rel1.win32_1.0.0.202411081344/tools/bin/../lib/gcc/arm-none-eabi/13.3.1/../../../../arm-none-eabi/lib/thumb/v6-m/nofp\libc_nano.a(libc_a-findfp.o)
                0x2000000c                __sglue
 .data._impure_ptr
                0x20000018        0x4 C:/ST/STM32CubeIDE_1.19.0/STM32CubeIDE/plugins/com.st.stm32cube.ide.mcu.externaltools.gnu-tools-for-stm32.13.3.rel1.win32_1.0.0.202411081344/tools/bin/../lib/gcc/arm-none-eabi/13.3.1/../../../../arm-none-eabi/lib/thumb/v6-m/nofp\libc_nano.a(libc_a-impure.o)
                0x20000018                _impure_ptr
 .data._impure_data
                0x2000001c       0x4c C:/ST/STM32CubeIDE_1.19.0/STM32CubeIDE/plugins/com.st.stm32cube.ide.mcu.externaltools.gnu-tools-for-stm32.13.3.rel1.win32_1.0.0.202411081344/tools/bin/../lib/gcc/arm-none-eabi/13.3.1/../../../../arm-none-eabi/lib/thumb/v6-m/nofp\libc_nano.a(libc_a-impure.o)
                0x2000001c                _impure_data
 *(.RamFunc)
 *(.RamFunc*)
                0x20000068                        . = ALIGN (0x4)
                0x20000068                        _edata = .

.igot.plt       0x20000068        0x0 load address 0x080037e0
 .igot.plt      0x20000068        0x0 C:/ST/STM32CubeIDE_1.19.0/STM32CubeIDE/plugins/com.st.stm32cube.ide.mcu.externaltools.gnu-tools-for-stm32.13.3.rel1.win32_1.0.0.202411081344/tools/bin/../lib/gcc/arm-none-eabi/13.3.1/thumb/v6-m/nofp/crtbegin.o
                0x20000068                        . = ALIGN (0x4)

.bss            0x20000068      0x204 load address 0x080037e0
                0x20000068                        _sbss = .
                0x20000068                        __bss_start__ = _sbss
 *(.bss)
 .bss           0x20000068       0x1c C:/ST/STM32CubeIDE_1.19.0/STM32CubeIDE/plugins/com.st.stm32cube.ide.mcu.externaltools.gnu-tools-for-stm32.13.3.rel1.win32_1.0.0.202411081344/tools/bin/../lib/gcc/arm-none-eabi/13.3.1/thumb/v6-m/nofp/crtbegin.o
 *(.bss*)
 .bss.huart2    0x20000084       0x94 ./Core/Src/main.o
                0x20000084                huart2
 .bss.__sbrk_heap_end
                0x20000118        0x4 ./Core/Src/sysmem.o
 .bss.uwTick    0x2000011c        0x4 ./Drivers/STM32G0xx_HAL_Driver/Src/stm32g0xx_hal.o
                0x2000011c                uwTick
 .bss.__sf      0x20000120      0x138 C:/ST/STM32CubeIDE_1.19.0/STM32CubeIDE/plugins/com.st.stm32cube.ide.mcu.externaltools.gnu-tools-for-stm32.13.3.rel1.win32_1.0.0.202411081344/tools/bin/../lib/gcc/arm-none-eabi/13.3.1/../../../../arm-none-eabi/lib/thumb/v6-m/nofp\libc_nano.a(libc_a-findfp.o)
                0x20000120                __sf
 .bss.__stdio_exit_handler
                0x20000258        0x4 C:/ST/STM32CubeIDE_1.19.0/STM32CubeIDE/plugins/com.st.stm32cube.ide.mcu.externaltools.gnu-tools-for-stm32.13.3.rel1.win32_1.0.0.202411081344/tools/bin/../lib/gcc/arm-none-eabi/13.3.1/../../../../arm-none-eabi/lib/thumb/v6-m/nofp\libc_nano.a(libc_a-findfp.o)
                0x20000258                __stdio_exit_handler
 .bss.errno     0x2000025c        0x4 C:/ST/STM32CubeIDE_1.19.0/STM32CubeIDE/plugins/com.st.stm32cube.ide.mcu.externaltools.gnu-tools-for-stm32.13.3.rel1.win32_1.0.0.202411081344/tools/bin/../lib/gcc/arm-none-eabi/13.3.1/../../../../arm-none-eabi/lib/thumb/v6-m/nofp\libc_nano.a(libc_a-reent.o)
                0x2000025c                errno
 .bss.__lock___malloc_recursive_mutex
                0x20000260        0x1 C:/ST/STM32CubeIDE_1.19.0/STM32CubeIDE/plugins/com.st.stm32cube.ide.mcu.externaltools.gnu-tools-for-stm32.13.3.rel1.win32_1.0.0.202411081344/tools/bin/../lib/gcc/arm-none-eabi/13.3.1/../../../../arm-none-eabi/lib/thumb/v6-m/nofp\libc_nano.a(libc_a-lock.o)
                0x20000260                __lock___malloc_recursive_mutex
 .bss.__lock___sfp_recursive_mutex
                0x20000261        0x1 C:/ST/STM32CubeIDE_1.19.0/STM32CubeIDE/plugins/com.st.stm32cube.ide.mcu.externaltools.gnu-tools-for-stm32.13.3.rel1.win32_1.0.0.202411081344/tools/bin/../lib/gcc/arm-none-eabi/13.3.1/../../../../arm-none-eabi/lib/thumb/v6-m/nofp\libc_nano.a(libc_a-lock.o)
                0x20000261                __lock___sfp_recursive_mutex
 *fill*         0x20000262        0x2 
 .bss.__malloc_sbrk_start
                0x20000264        0x4 C:/ST/STM32CubeIDE_1.19.0/STM32CubeIDE/plugins/com.st.stm32cube.ide.mcu.externaltools.gnu-tools-for-stm32.13.3.rel1.win32_1.0.0.202411081344/tools/bin/../lib/gcc/arm-none-eabi/13.3.1/../../../../arm-none-eabi/lib/thumb/v6-m/nofp\libc_nano.a(libc_a-mallocr.o)
                0x20000264                __malloc_sbrk_start
 .bss.__malloc_free_list
                0x20000268        0x4 C:/ST/STM32CubeIDE_1.19.0/STM32CubeIDE/plugins/com.st.stm32cube.ide.mcu.externaltools.gnu-tools-for-stm32.13.3.rel1.win32_1.0.0.202411081344/tools/bin/../lib/gcc/arm-none-eabi/13.3.1/../../../../arm-none-eabi/lib/thumb/v6-m/nofp\libc_nano.a(libc_a-mallocr.o)
                0x20000268                __malloc_free_list
 *(COMMON)
                0x2000026c                        . = ALIGN (0x4)
                0x2000026c                        _ebss = .
                0x2000026c                        __bss_end__ = _ebss

._user_heap_stack
                0x2000026c      0x604 load address 0x080037e0
                0x20000270                        . = ALIGN (0x8)
 *fill*         0x2000026c        0x4 
                [!provide]                        PROVIDE (end = .)
                0x20000270                        PROVIDE (_end = .)
                0x20000470                        . = (. + _Min_Heap_Size)
 *fill*         0x20000270      0x200 
                0x20000870                        . = (. + _Min_Stack_Size)
 *fill*         0x20000470      0x400 
                0x20000870                        . = ALIGN (0x8)

/DISCARD/
 libc.a(*)
 libm.a(*)
 libgcc.a(*)

.ARM.attributes
                0x00000000       0x28
 *(.ARM.attributes)
 .ARM.attributes
                0x00000000       0x1e C:/ST/STM32CubeIDE_1.19.0/STM32CubeIDE/plugins/com.st.stm32cube.ide.mcu.externaltools.gnu-tools-for-stm32.13.3.rel1.win32_1.0.0.202411081344/tools/bin/../lib/gcc/arm-none-eabi/13.3.1/thumb/v6-m/nofp/crti.o
 .ARM.attributes
                0x0000001e       0x2c C:/ST/STM32CubeIDE_1.19.0/STM32CubeIDE/plugins/com.st.stm32cube.ide.mcu.externaltools.gnu-tools-for-stm32.13.3.rel1.win32_1.0.0.202411081344/tools/bin/../lib/gcc/arm-none-eabi/13.3.1/thumb/v6-m/nofp/crtbegin.o
 .ARM.attributes
                0x0000004a       0x2c ./Core/Src/main.o
 .ARM.attributes
                0x00000076       0x2c ./Core/Src/retarget.o
 .ARM.attributes
                0x000000a2       0x2c ./Core/Src/stm32g0xx_hal_msp.o
 .ARM.attributes
                0x000000ce       0x2c ./Core/Src/stm32g0xx_it.o
 .ARM.attributes
                0x000000fa       0x2c ./Core/Src/syscalls.o
 .ARM.attributes
                0x00000126       0x2c ./Core/Src/sysmem.o
 .ARM.attributes
                0x00000152       0x2c ./Core/Src/system_stm32g0xx.o
 .ARM.attributes
                0x0000017e       0x22 ./Core/Startup/startup_stm32g071rbtx.o
 .ARM.attributes
                0x000001a0       0x2c ./Drivers/STM32G0xx_HAL_Driver/Src/stm32g0xx_hal.o
 .ARM.attributes
                0x000001cc       0x2c ./Drivers/STM32G0xx_HAL_Driver/Src/stm32g0xx_hal_cortex.o
 .ARM.attributes
                0x000001f8       0x2c ./Drivers/STM32G0xx_HAL_Driver/Src/stm32g0xx_hal_gpio.o
 .ARM.attributes
                0x00000224       0x2c ./Drivers/STM32G0xx_HAL_Driver/Src/stm32g0xx_hal_pwr_ex.o
 .ARM.attributes
                0x00000250       0x2c ./Drivers/STM32G0xx_HAL_Driver/Src/stm32g0xx_hal_rcc.o
 .ARM.attributes
                0x0000027c       0x2c ./Drivers/STM32G0xx_HAL_Driver/Src/stm32g0xx_hal_rcc_ex.o
 .ARM.attributes
                0x000002a8       0x2c ./Drivers/STM32G0xx_HAL_Driver/Src/stm32g0xx_hal_uart.o
 .ARM.attributes
                0x000002d4       0x2c ./Drivers/STM32G0xx_HAL_Driver/Src/stm32g0xx_hal_uart_ex.o
 .ARM.attributes
                0x00000300       0x2c C:/ST/STM32CubeIDE_1.19.0/STM32CubeIDE/plugins/com.st.stm32cube.ide.mcu.externaltools.gnu-tools-for-stm32.13.3.rel1.win32_1.0.0.202411081344/tools/bin/../lib/gcc/arm-none-eabi/13.3.1/../../../../arm-none-eabi/lib/thumb/v6-m/nofp\libc_nano.a(libc_a-findfp.o)
 .ARM.attributes
                0x0000032c       0x2c C:/ST/STM32CubeIDE_1.19.0/STM32CubeIDE/plugins/com.st.stm32cube.ide.mcu.externaltools.gnu-tools-for-stm32.13.3.rel1.win32_1.0.0.202411081344/tools/bin/../lib/gcc/arm-none-eabi/13.3.1/../../../../arm-none-eabi/lib/thumb/v6-m/nofp\libc_nano.a(libc_a-fwalk.o)
 .ARM.attributes
                0x00000358       0x2c C:/ST/STM32CubeIDE_1.19.0/STM32CubeIDE/plugins/com.st.stm32cube.ide.mcu.externaltools.gnu-tools-for-stm32.13.3.rel1.win32_1.0.0.202411081344/tools/bin/../lib/gcc/arm-none-eabi/13.3.1/../../../../arm-none-eabi/lib/thumb/v6-m/nofp\libc_nano.a(libc_a-puts.o)
 .ARM.attributes
                0x00000384       0x2c C:/ST/STM32CubeIDE_1.19.0/STM32CubeIDE/plugins/com.st.stm32cube.ide.mcu.externaltools.gnu-tools-for-stm32.13.3.rel1.win32_1.0.0.202411081344/tools/bin/../lib/gcc/arm-none-eabi/13.3.1/../../../../arm-none-eabi/lib/thumb/v6-m/nofp\libc_nano.a(libc_a-stdio.o)
 .ARM.attributes
                0x000003b0       0x2c C:/ST/STM32CubeIDE_1.19.0/STM32CubeIDE/plugins/com.st.stm32cube.ide.mcu.externaltools.gnu-tools-for-stm32.13.3.rel1.win32_1.0.0.202411081344/tools/bin/../lib/gcc/arm-none-eabi/13.3.1/../../../../arm-none-eabi/lib/thumb/v6-m/nofp\libc_nano.a(libc_a-wbuf.o)
 .ARM.attributes
                0x000003dc       0x2c C:/ST/STM32CubeIDE_1.19.0/STM32CubeIDE/plugins/com.st.stm32cube.ide.mcu.externaltools.gnu-tools-for-stm32.13.3.rel1.win32_1.0.0.202411081344/tools/bin/../lib/gcc/arm-none-eabi/13.3.1/../../../../arm-none-eabi/lib/thumb/v6-m/nofp\libc_nano.a(libc_a-wsetup.o)
 .ARM.attributes
                0x00000408       0x2c C:/ST/STM32CubeIDE_1.19.0/STM32CubeIDE/plugins/com.st.stm32cube.ide.mcu.externaltools.gnu-tools-for-stm32.13.3.rel1.win32_1.0.0.202411081344/tools/bin/../lib/gcc/arm-none-eabi/13.3.1/../../../../arm-none-eabi/lib/thumb/v6-m/nofp\libc_nano.a(libc_a-memset.o)
 .ARM.attributes
                0x00000434       0x2c C:/ST/STM32CubeIDE_1.19.0/STM32CubeIDE/plugins/com.st.stm32cube.ide.mcu.externaltools.gnu-tools-for-stm32.13.3.rel1.win32_1.0.0.202411081344/tools/bin/../lib/gcc/arm-none-eabi/13.3.1/../../../../arm-none-eabi/lib/thumb/v6-m/nofp\libc_nano.a(libc_a-closer.o)
 .ARM.attributes
                0x00000460       0x2c C:/ST/STM32CubeIDE_1.19.0/STM32CubeIDE/plugins/com.st.stm32cube.ide.mcu.externaltools.gnu-tools-for-stm32.13.3.rel1.win32_1.0.0.202411081344/tools/bin/../lib/gcc/arm-none-eabi/13.3.1/../../../../arm-none-eabi/lib/thumb/v6-m/nofp\libc_nano.a(libc_a-reent.o)
 .ARM.attributes
                0x0000048c       0x2c C:/ST/STM32CubeIDE_1.19.0/STM32CubeIDE/plugins/com.st.stm32cube.ide.mcu.externaltools.gnu-tools-for-stm32.13.3.rel1.win32_1.0.0.202411081344/tools/bin/../lib/gcc/arm-none-eabi/13.3.1/../../../../arm-none-eabi/lib/thumb/v6-m/nofp\libc_nano.a(libc_a-impure.o)
 .ARM.attributes
                0x000004b8       0x2c C:/ST/STM32CubeIDE_1.19.0/STM32CubeIDE/plugins/com.st.stm32cube.ide.mcu.externaltools.gnu-tools-for-stm32.13.3.rel1.win32_1.0.0.202411081344/tools/bin/../lib/gcc/arm-none-eabi/13.3.1/../../../../arm-none-eabi/lib/thumb/v6-m/nofp\libc_nano.a(libc_a-lseekr.o)
 .ARM.attributes
                0x000004e4       0x2c C:/ST/STM32CubeIDE_1.19.0/STM32CubeIDE/plugins/com.st.stm32cube.ide.mcu.externaltools.gnu-tools-for-stm32.13.3.rel1.win32_1.0.0.202411081344/tools/bin/../lib/gcc/arm-none-eabi/13.3.1/../../../../arm-none-eabi/lib/thumb/v6-m/nofp\libc_nano.a(libc_a-readr.o)
 .ARM.attributes
                0x00000510       0x2c C:/ST/STM32CubeIDE_1.19.0/STM32CubeIDE/plugins/com.st.stm32cube.ide.mcu.externaltools.gnu-tools-for-stm32.13.3.rel1.win32_1.0.0.202411081344/tools/bin/../lib/gcc/arm-none-eabi/13.3.1/../../../../arm-none-eabi/lib/thumb/v6-m/nofp\libc_nano.a(libc_a-writer.o)
 .ARM.attributes
                0x0000053c       0x2c C:/ST/STM32CubeIDE_1.19.0/STM32CubeIDE/plugins/com.st.stm32cube.ide.mcu.externaltools.gnu-tools-for-stm32.13.3.rel1.win32_1.0.0.202411081344/tools/bin/../lib/gcc/arm-none-eabi/13.3.1/../../../../arm-none-eabi/lib/thumb/v6-m/nofp\libc_nano.a(libc_a-errno.o)
 .ARM.attributes
                0x00000568       0x2c C:/ST/STM32CubeIDE_1.19.0/STM32CubeIDE/plugins/com.st.stm32cube.ide.mcu.externaltools.gnu-tools-for-stm32.13.3.rel1.win32_1.0.0.202411081344/tools/bin/../lib/gcc/arm-none-eabi/13.3.1/../../../../arm-none-eabi/lib/thumb/v6-m/nofp\libc_nano.a(libc_a-init.o)
 .ARM.attributes
                0x00000594       0x2c C:/ST/STM32CubeIDE_1.19.0/STM32CubeIDE/plugins/com.st.stm32cube.ide.mcu.externaltools.gnu-tools-for-stm32.13.3.rel1.win32_1.0.0.202411081344/tools/bin/../lib/gcc/arm-none-eabi/13.3.1/../../../../arm-none-eabi/lib/thumb/v6-m/nofp\libc_nano.a(libc_a-lock.o)
 .ARM.attributes
                0x000005c0       0x2c C:/ST/STM32CubeIDE_1.19.0/STM32CubeIDE/plugins/com.st.stm32cube.ide.mcu.externaltools.gnu-tools-for-stm32.13.3.rel1.win32_1.0.0.202411081344/tools/bin/../lib/gcc/arm-none-eabi/13.3.1/../../../../arm-none-eabi/lib/thumb/v6-m/nofp\libc_nano.a(libc_a-freer.o)
 .ARM.attributes
                0x000005ec       0x2c C:/ST/STM32CubeIDE_1.19.0/STM32CubeIDE/plugins/com.st.stm32cube.ide.mcu.externaltools.gnu-tools-for-stm32.13.3.rel1.win32_1.0.0.202411081344/tools/bin/../lib/gcc/arm-none-eabi/13.3.1/../../../../arm-none-eabi/lib/thumb/v6-m/nofp\libc_nano.a(libc_a-mallocr.o)
 .ARM.attributes
                0x00000618       0x2c C:/ST/STM32CubeIDE_1.19.0/STM32CubeIDE/plugins/com.st.stm32cube.ide.mcu.externaltools.gnu-tools-for-stm32.13.3.rel1.win32_1.0.0.202411081344/tools/bin/../lib/gcc/arm-none-eabi/13.3.1/../../../../arm-none-eabi/lib/thumb/v6-m/nofp\libc_nano.a(libc_a-mlock.o)
 .ARM.attributes
                0x00000644       0x2c C:/ST/STM32CubeIDE_1.19.0/STM32CubeIDE/plugins/com.st.stm32cube.ide.mcu.externaltools.gnu-tools-for-stm32.13.3.rel1.win32_1.0.0.202411081344/tools/bin/../lib/gcc/arm-none-eabi/13.3.1/../../../../arm-none-eabi/lib/thumb/v6-m/nofp\libc_nano.a(libc_a-fflush.o)
 .ARM.attributes
                0x00000670       0x2c C:/ST/STM32CubeIDE_1.19.0/STM32CubeIDE/plugins/com.st.stm32cube.ide.mcu.externaltools.gnu-tools-for-stm32.13.3.rel1.win32_1.0.0.202411081344/tools/bin/../lib/gcc/arm-none-eabi/13.3.1/../../../../arm-none-eabi/lib/thumb/v6-m/nofp\libc_nano.a(libc_a-makebuf.o)
 .ARM.attributes
                0x0000069c       0x2c C:/ST/STM32CubeIDE_1.19.0/STM32CubeIDE/plugins/com.st.stm32cube.ide.mcu.externaltools.gnu-tools-for-stm32.13.3.rel1.win32_1.0.0.202411081344/tools/bin/../lib/gcc/arm-none-eabi/13.3.1/../../../../arm-none-eabi/lib/thumb/v6-m/nofp\libc_nano.a(libc_a-fstatr.o)
 .ARM.attributes
                0x000006c8       0x2c C:/ST/STM32CubeIDE_1.19.0/STM32CubeIDE/plugins/com.st.stm32cube.ide.mcu.externaltools.gnu-tools-for-stm32.13.3.rel1.win32_1.0.0.202411081344/tools/bin/../lib/gcc/arm-none-eabi/13.3.1/../../../../arm-none-eabi/lib/thumb/v6-m/nofp\libc_nano.a(libc_a-isattyr.o)
 .ARM.attributes
                0x000006f4       0x2c C:/ST/STM32CubeIDE_1.19.0/STM32CubeIDE/plugins/com.st.stm32cube.ide.mcu.externaltools.gnu-tools-for-stm32.13.3.rel1.win32_1.0.0.202411081344/tools/bin/../lib/gcc/arm-none-eabi/13.3.1/../../../../arm-none-eabi/lib/thumb/v6-m/nofp\libc_nano.a(libc_a-sbrkr.o)
 .ARM.attributes
                0x00000720       0x1e C:/ST/STM32CubeIDE_1.19.0/STM32CubeIDE/plugins/com.st.stm32cube.ide.mcu.externaltools.gnu-tools-for-stm32.13.3.rel1.win32_1.0.0.202411081344/tools/bin/../lib/gcc/arm-none-eabi/13.3.1/thumb/v6-m/nofp\libgcc.a(_udivsi3.o)
 .ARM.attributes
                0x0000073e       0x1e C:/ST/STM32CubeIDE_1.19.0/STM32CubeIDE/plugins/com.st.stm32cube.ide.mcu.externaltools.gnu-tools-for-stm32.13.3.rel1.win32_1.0.0.202411081344/tools/bin/../lib/gcc/arm-none-eabi/13.3.1/thumb/v6-m/nofp\libgcc.a(_divsi3.o)
 .ARM.attributes
                0x0000075c       0x1e C:/ST/STM32CubeIDE_1.19.0/STM32CubeIDE/plugins/com.st.stm32cube.ide.mcu.externaltools.gnu-tools-for-stm32.13.3.rel1.win32_1.0.0.202411081344/tools/bin/../lib/gcc/arm-none-eabi/13.3.1/thumb/v6-m/nofp\libgcc.a(_dvmd_tls.o)
 .ARM.attributes
                0x0000077a       0x1e C:/ST/STM32CubeIDE_1.19.0/STM32CubeIDE/plugins/com.st.stm32cube.ide.mcu.externaltools.gnu-tools-for-stm32.13.3.rel1.win32_1.0.0.202411081344/tools/bin/../lib/gcc/arm-none-eabi/13.3.1/thumb/v6-m/nofp\libgcc.a(_aeabi_uldivmod.o)
 .ARM.attributes
                0x00000798       0x2c C:/ST/STM32CubeIDE_1.19.0/STM32CubeIDE/plugins/com.st.stm32cube.ide.mcu.externaltools.gnu-tools-for-stm32.13.3.rel1.win32_1.0.0.202411081344/tools/bin/../lib/gcc/arm-none-eabi/13.3.1/thumb/v6-m/nofp\libgcc.a(_udivmoddi4.o)
 .ARM.attributes
                0x000007c4       0x1e C:/ST/STM32CubeIDE_1.19.0/STM32CubeIDE/plugins/com.st.stm32cube.ide.mcu.externaltools.gnu-tools-for-stm32.13.3.rel1.win32_1.0.0.202411081344/tools/bin/../lib/gcc/arm-none-eabi/13.3.1/thumb/v6-m/nofp\libgcc.a(_clzdi2.o)
 .ARM.attributes
                0x000007e2       0x1e C:/ST/STM32CubeIDE_1.19.0/STM32CubeIDE/plugins/com.st.stm32cube.ide.mcu.externaltools.gnu-tools-for-stm32.13.3.rel1.win32_1.0.0.202411081344/tools/bin/../lib/gcc/arm-none-eabi/13.3.1/thumb/v6-m/nofp\libgcc.a(_clzsi2.o)
 .ARM.attributes
                0x00000800       0x1e C:/ST/STM32CubeIDE_1.19.0/STM32CubeIDE/plugins/com.st.stm32cube.ide.mcu.externaltools.gnu-tools-for-stm32.13.3.rel1.win32_1.0.0.202411081344/tools/bin/../lib/gcc/arm-none-eabi/13.3.1/thumb/v6-m/nofp/crtn.o
OUTPUT(ECE500_2025_Fall_Jordan_Thacker.elf elf32-littlearm)
LOAD linker stubs
LOAD C:/ST/STM32CubeIDE_1.19.0/STM32CubeIDE/plugins/com.st.stm32cube.ide.mcu.externaltools.gnu-tools-for-stm32.13.3.rel1.win32_1.0.0.202411081344/tools/bin/../lib/gcc/arm-none-eabi/13.3.1/../../../../arm-none-eabi/lib/thumb/v6-m/nofp\libc.a
LOAD C:/ST/STM32CubeIDE_1.19.0/STM32CubeIDE/plugins/com.st.stm32cube.ide.mcu.externaltools.gnu-tools-for-stm32.13.3.rel1.win32_1.0.0.202411081344/tools/bin/../lib/gcc/arm-none-eabi/13.3.1/../../../../arm-none-eabi/lib/thumb/v6-m/nofp\libm.a
LOAD C:/ST/STM32CubeIDE_1.19.0/STM32CubeIDE/plugins/com.st.stm32cube.ide.mcu.externaltools.gnu-tools-for-stm32.13.3.rel1.win32_1.0.0.202411081344/tools/bin/../lib/gcc/arm-none-eabi/13.3.1/thumb/v6-m/nofp\libgcc.a

.debug_info     0x00000000     0xb9fc
 .debug_info    0x00000000      0xdde ./Core/Src/main.o
 .debug_info    0x00000dde      0x887 ./Core/Src/retarget.o
 .debug_info    0x00001665      0xc0c ./Core/Src/stm32g0xx_hal_msp.o
 .debug_info    0x00002271      0x117 ./Core/Src/stm32g0xx_it.o
 .debug_info    0x00002388      0x6a3 ./Core/Src/syscalls.o
 .debug_info    0x00002a2b      0x168 ./Core/Src/sysmem.o
 .debug_info    0x00002b93      0x316 ./Core/Src/system_stm32g0xx.o
 .debug_info    0x00002ea9       0x30 ./Core/Startup/startup_stm32g071rbtx.o
 .debug_info    0x00002ed9      0xa34 ./Drivers/STM32G0xx_HAL_Driver/Src/stm32g0xx_hal.o
 .debug_info    0x0000390d      0x8d9 ./Drivers/STM32G0xx_HAL_Driver/Src/stm32g0xx_hal_cortex.o
 .debug_info    0x000041e6      0x5b9 ./Drivers/STM32G0xx_HAL_Driver/Src/stm32g0xx_hal_gpio.o
 .debug_info    0x0000479f      0x7c1 ./Drivers/STM32G0xx_HAL_Driver/Src/stm32g0xx_hal_pwr_ex.o
 .debug_info    0x00004f60      0xb1b ./Drivers/STM32G0xx_HAL_Driver/Src/stm32g0xx_hal_rcc.o
 .debug_info    0x00005a7b      0x77f ./Drivers/STM32G0xx_HAL_Driver/Src/stm32g0xx_hal_rcc_ex.o
 .debug_info    0x000061fa     0x4859 ./Drivers/STM32G0xx_HAL_Driver/Src/stm32g0xx_hal_uart.o
 .debug_info    0x0000aa53      0xfa9 ./Drivers/STM32G0xx_HAL_Driver/Src/stm32g0xx_hal_uart_ex.o

.debug_abbrev   0x00000000     0x1e84
 .debug_abbrev  0x00000000      0x257 ./Core/Src/main.o
 .debug_abbrev  0x00000257      0x1cb ./Core/Src/retarget.o
 .debug_abbrev  0x00000422      0x1d1 ./Core/Src/stm32g0xx_hal_msp.o
 .debug_abbrev  0x000005f3       0xac ./Core/Src/stm32g0xx_it.o
 .debug_abbrev  0x0000069f      0x1b6 ./Core/Src/syscalls.o
 .debug_abbrev  0x00000855       0xbc ./Core/Src/sysmem.o
 .debug_abbrev  0x00000911      0x119 ./Core/Src/system_stm32g0xx.o
 .debug_abbrev  0x00000a2a       0x24 ./Core/Startup/startup_stm32g071rbtx.o
 .debug_abbrev  0x00000a4e      0x2b2 ./Drivers/STM32G0xx_HAL_Driver/Src/stm32g0xx_hal.o
 .debug_abbrev  0x00000d00      0x2ab ./Drivers/STM32G0xx_HAL_Driver/Src/stm32g0xx_hal_cortex.o
 .debug_abbrev  0x00000fab      0x1c8 ./Drivers/STM32G0xx_HAL_Driver/Src/stm32g0xx_hal_gpio.o
 .debug_abbrev  0x00001173      0x238 ./Drivers/STM32G0xx_HAL_Driver/Src/stm32g0xx_hal_pwr_ex.o
 .debug_abbrev  0x000013ab      0x2aa ./Drivers/STM32G0xx_HAL_Driver/Src/stm32g0xx_hal_rcc.o
 .debug_abbrev  0x00001655      0x229 ./Drivers/STM32G0xx_HAL_Driver/Src/stm32g0xx_hal_rcc_ex.o
 .debug_abbrev  0x0000187e      0x322 ./Drivers/STM32G0xx_HAL_Driver/Src/stm32g0xx_hal_uart.o
 .debug_abbrev  0x00001ba0      0x2e4 ./Drivers/STM32G0xx_HAL_Driver/Src/stm32g0xx_hal_uart_ex.o

.debug_aranges  0x00000000      0x920
 .debug_aranges
                0x00000000       0x40 ./Core/Src/main.o
 .debug_aranges
                0x00000040       0x30 ./Core/Src/retarget.o
 .debug_aranges
                0x00000070       0x30 ./Core/Src/stm32g0xx_hal_msp.o
 .debug_aranges
                0x000000a0       0x40 ./Core/Src/stm32g0xx_it.o
 .debug_aranges
                0x000000e0       0xa8 ./Core/Src/syscalls.o
 .debug_aranges
                0x00000188       0x20 ./Core/Src/sysmem.o
 .debug_aranges
                0x000001a8       0x28 ./Core/Src/system_stm32g0xx.o
 .debug_aranges
                0x000001d0       0x28 ./Core/Startup/startup_stm32g071rbtx.o
 .debug_aranges
                0x000001f8      0x120 ./Drivers/STM32G0xx_HAL_Driver/Src/stm32g0xx_hal.o
 .debug_aranges
                0x00000318       0xe8 ./Drivers/STM32G0xx_HAL_Driver/Src/stm32g0xx_hal_cortex.o
 .debug_aranges
                0x00000400       0x60 ./Drivers/STM32G0xx_HAL_Driver/Src/stm32g0xx_hal_gpio.o
 .debug_aranges
                0x00000460       0xf0 ./Drivers/STM32G0xx_HAL_Driver/Src/stm32g0xx_hal_pwr_ex.o
 .debug_aranges
                0x00000550       0xa0 ./Drivers/STM32G0xx_HAL_Driver/Src/stm32g0xx_hal_rcc.o
 .debug_aranges
                0x000005f0       0x40 ./Drivers/STM32G0xx_HAL_Driver/Src/stm32g0xx_hal_rcc_ex.o
 .debug_aranges
                0x00000630      0x248 ./Drivers/STM32G0xx_HAL_Driver/Src/stm32g0xx_hal_uart.o
 .debug_aranges
                0x00000878       0xa8 ./Drivers/STM32G0xx_HAL_Driver/Src/stm32g0xx_hal_uart_ex.o

.debug_rnglists
                0x00000000      0x6f3
 .debug_rnglists
                0x00000000       0x2e ./Core/Src/main.o
 .debug_rnglists
                0x0000002e       0x1f ./Core/Src/retarget.o
 .debug_rnglists
                0x0000004d       0x20 ./Core/Src/stm32g0xx_hal_msp.o
 .debug_rnglists
                0x0000006d       0x2b ./Core/Src/stm32g0xx_it.o
 .debug_rnglists
                0x00000098       0x79 ./Core/Src/syscalls.o
 .debug_rnglists
                0x00000111       0x13 ./Core/Src/sysmem.o
 .debug_rnglists
                0x00000124       0x1a ./Core/Src/system_stm32g0xx.o
 .debug_rnglists
                0x0000013e       0x19 ./Core/Startup/startup_stm32g071rbtx.o
 .debug_rnglists
                0x00000157       0xd4 ./Drivers/STM32G0xx_HAL_Driver/Src/stm32g0xx_hal.o
 .debug_rnglists
                0x0000022b       0xaa ./Drivers/STM32G0xx_HAL_Driver/Src/stm32g0xx_hal_cortex.o
 .debug_rnglists
                0x000002d5       0x45 ./Drivers/STM32G0xx_HAL_Driver/Src/stm32g0xx_hal_gpio.o
 .debug_rnglists
                0x0000031a       0xb5 ./Drivers/STM32G0xx_HAL_Driver/Src/stm32g0xx_hal_pwr_ex.o
 .debug_rnglists
                0x000003cf       0x79 ./Drivers/STM32G0xx_HAL_Driver/Src/stm32g0xx_hal_rcc.o
 .debug_rnglists
                0x00000448       0x30 ./Drivers/STM32G0xx_HAL_Driver/Src/stm32g0xx_hal_rcc_ex.o
 .debug_rnglists
                0x00000478      0x1fb ./Drivers/STM32G0xx_HAL_Driver/Src/stm32g0xx_hal_uart.o
 .debug_rnglists
                0x00000673       0x80 ./Drivers/STM32G0xx_HAL_Driver/Src/stm32g0xx_hal_uart_ex.o

.debug_macro    0x00000000    0x18ae7
 .debug_macro   0x00000000      0x2b8 ./Core/Src/main.o
 .debug_macro   0x000002b8      0xaae ./Core/Src/main.o
 .debug_macro   0x00000d66      0x117 ./Core/Src/main.o
 .debug_macro   0x00000e7d       0x2e ./Core/Src/main.o
 .debug_macro   0x00000eab       0x28 ./Core/Src/main.o
 .debug_macro   0x00000ed3       0x22 ./Core/Src/main.o
 .debug_macro   0x00000ef5       0x8e ./Core/Src/main.o
 .debug_macro   0x00000f83       0x51 ./Core/Src/main.o
 .debug_macro   0x00000fd4      0x103 ./Core/Src/main.o
 .debug_macro   0x000010d7       0x6a ./Core/Src/main.o
 .debug_macro   0x00001141      0x1df ./Core/Src/main.o
 .debug_macro   0x00001320       0x1c ./Core/Src/main.o
 .debug_macro   0x0000133c       0x22 ./Core/Src/main.o
 .debug_macro   0x0000135e       0xd1 ./Core/Src/main.o
 .debug_macro   0x0000142f      0x4da ./Core/Src/main.o
 .debug_macro   0x00001909      0x11f ./Core/Src/main.o
 .debug_macro   0x00001a28     0xc753 ./Core/Src/main.o
 .debug_macro   0x0000e17b       0x66 ./Core/Src/main.o
 .debug_macro   0x0000e1e1     0x350e ./Core/Src/main.o
 .debug_macro   0x000116ef      0x190 ./Core/Src/main.o
 .debug_macro   0x0001187f       0x5c ./Core/Src/main.o
 .debug_macro   0x000118db      0x56c ./Core/Src/main.o
 .debug_macro   0x00011e47     0x1122 ./Core/Src/main.o
 .debug_macro   0x00012f69      0x264 ./Core/Src/main.o
 .debug_macro   0x000131cd      0x1cf ./Core/Src/main.o
 .debug_macro   0x0001339c      0x1d8 ./Core/Src/main.o
 .debug_macro   0x00013574      0x426 ./Core/Src/main.o
 .debug_macro   0x0001399a      0x280 ./Core/Src/main.o
 .debug_macro   0x00013c1a      0x3a7 ./Core/Src/main.o
 .debug_macro   0x00013fc1      0x1b2 ./Core/Src/main.o
 .debug_macro   0x00014173       0x43 ./Core/Src/main.o
 .debug_macro   0x000141b6      0x1f1 ./Core/Src/main.o
 .debug_macro   0x000143a7      0x1d6 ./Core/Src/main.o
 .debug_macro   0x0001457d      0x38a ./Core/Src/main.o
 .debug_macro   0x00014907       0x28 ./Core/Src/main.o
 .debug_macro   0x0001492f       0xe4 ./Core/Src/main.o
 .debug_macro   0x00014a13      0x125 ./Core/Src/main.o
 .debug_macro   0x00014b38      0x240 ./Core/Src/main.o
 .debug_macro   0x00014d78      0x693 ./Core/Src/main.o
 .debug_macro   0x0001540b       0xa6 ./Core/Src/main.o
 .debug_macro   0x000154b1      0x4f2 ./Core/Src/main.o
 .debug_macro   0x000159a3       0x4c ./Core/Src/main.o
 .debug_macro   0x000159ef       0x61 ./Core/Src/main.o
 .debug_macro   0x00015a50       0x24 ./Core/Src/main.o
 .debug_macro   0x00015a74       0x43 ./Core/Src/main.o
 .debug_macro   0x00015ab7       0x34 ./Core/Src/main.o
 .debug_macro   0x00015aeb       0x16 ./Core/Src/main.o
 .debug_macro   0x00015b01       0x3c ./Core/Src/main.o
 .debug_macro   0x00015b3d      0x370 ./Core/Src/main.o
 .debug_macro   0x00015ead       0x10 ./Core/Src/main.o
 .debug_macro   0x00015ebd       0x16 ./Core/Src/main.o
 .debug_macro   0x00015ed3       0x4a ./Core/Src/main.o
 .debug_macro   0x00015f1d       0x34 ./Core/Src/main.o
 .debug_macro   0x00015f51       0x10 ./Core/Src/main.o
 .debug_macro   0x00015f61       0x58 ./Core/Src/main.o
 .debug_macro   0x00015fb9       0x8e ./Core/Src/main.o
 .debug_macro   0x00016047       0x1c ./Core/Src/main.o
 .debug_macro   0x00016063      0x185 ./Core/Src/main.o
 .debug_macro   0x000161e8       0x16 ./Core/Src/main.o
 .debug_macro   0x000161fe       0x16 ./Core/Src/main.o
 .debug_macro   0x00016214      0x146 ./Core/Src/main.o
 .debug_macro   0x0001635a      0x2c2 ./Core/Src/retarget.o
 .debug_macro   0x0001661c      0x1da ./Core/Src/stm32g0xx_hal_msp.o
 .debug_macro   0x000167f6      0x1e4 ./Core/Src/stm32g0xx_it.o
 .debug_macro   0x000169da      0x274 ./Core/Src/syscalls.o
 .debug_macro   0x00016c4e       0x5b ./Core/Src/syscalls.o
 .debug_macro   0x00016ca9       0x94 ./Core/Src/syscalls.o
 .debug_macro   0x00016d3d       0x57 ./Core/Src/syscalls.o
 .debug_macro   0x00016d94       0x10 ./Core/Src/syscalls.o
 .debug_macro   0x00016da4       0x10 ./Core/Src/syscalls.o
 .debug_macro   0x00016db4       0x10 ./Core/Src/syscalls.o
 .debug_macro   0x00016dc4       0x10 ./Core/Src/syscalls.o
 .debug_macro   0x00016dd4       0x1c ./Core/Src/syscalls.o
 .debug_macro   0x00016df0       0x52 ./Core/Src/syscalls.o
 .debug_macro   0x00016e42       0x22 ./Core/Src/syscalls.o
 .debug_macro   0x00016e64       0x10 ./Core/Src/syscalls.o
 .debug_macro   0x00016e74       0x52 ./Core/Src/syscalls.o
 .debug_macro   0x00016ec6       0xcf ./Core/Src/syscalls.o
 .debug_macro   0x00016f95       0x1c ./Core/Src/syscalls.o
 .debug_macro   0x00016fb1       0x3d ./Core/Src/syscalls.o
 .debug_macro   0x00016fee       0x35 ./Core/Src/syscalls.o
 .debug_macro   0x00017023      0x12c ./Core/Src/syscalls.o
 .debug_macro   0x0001714f       0x16 ./Core/Src/syscalls.o
 .debug_macro   0x00017165       0x16 ./Core/Src/syscalls.o
 .debug_macro   0x0001717b       0x29 ./Core/Src/syscalls.o
 .debug_macro   0x000171a4       0x10 ./Core/Src/syscalls.o
 .debug_macro   0x000171b4      0x242 ./Core/Src/syscalls.o
 .debug_macro   0x000173f6       0x1c ./Core/Src/syscalls.o
 .debug_macro   0x00017412       0x10 ./Core/Src/syscalls.o
 .debug_macro   0x00017422      0x18a ./Core/Src/syscalls.o
 .debug_macro   0x000175ac       0x16 ./Core/Src/syscalls.o
 .debug_macro   0x000175c2       0xce ./Core/Src/syscalls.o
 .debug_macro   0x00017690      0x112 ./Core/Src/sysmem.o
 .debug_macro   0x000177a2      0x23c ./Core/Src/sysmem.o
 .debug_macro   0x000179de      0x1cb ./Core/Src/system_stm32g0xx.o
 .debug_macro   0x00017ba9      0x1ef ./Drivers/STM32G0xx_HAL_Driver/Src/stm32g0xx_hal.o
 .debug_macro   0x00017d98      0x1cb ./Drivers/STM32G0xx_HAL_Driver/Src/stm32g0xx_hal_cortex.o
 .debug_macro   0x00017f63      0x1d2 ./Drivers/STM32G0xx_HAL_Driver/Src/stm32g0xx_hal_gpio.o
 .debug_macro   0x00018135      0x1f5 ./Drivers/STM32G0xx_HAL_Driver/Src/stm32g0xx_hal_pwr_ex.o
 .debug_macro   0x0001832a      0x20d ./Drivers/STM32G0xx_HAL_Driver/Src/stm32g0xx_hal_rcc.o
 .debug_macro   0x00018537      0x1e3 ./Drivers/STM32G0xx_HAL_Driver/Src/stm32g0xx_hal_rcc_ex.o
 .debug_macro   0x0001871a      0x1f6 ./Drivers/STM32G0xx_HAL_Driver/Src/stm32g0xx_hal_uart.o
 .debug_macro   0x00018910      0x1d7 ./Drivers/STM32G0xx_HAL_Driver/Src/stm32g0xx_hal_uart_ex.o

.debug_line     0x00000000     0xc6b1
 .debug_line    0x00000000      0x9b0 ./Core/Src/main.o
 .debug_line    0x000009b0      0x8e7 ./Core/Src/retarget.o
 .debug_line    0x00001297      0x7bb ./Core/Src/stm32g0xx_hal_msp.o
 .debug_line    0x00001a52      0x7b5 ./Core/Src/stm32g0xx_it.o
 .debug_line    0x00002207      0x8ac ./Core/Src/syscalls.o
 .debug_line    0x00002ab3      0x588 ./Core/Src/sysmem.o
 .debug_line    0x0000303b      0x7cb ./Core/Src/system_stm32g0xx.o
 .debug_line    0x00003806       0x7b ./Core/Startup/startup_stm32g071rbtx.o
 .debug_line    0x00003881      0xb11 ./Drivers/STM32G0xx_HAL_Driver/Src/stm32g0xx_hal.o
 .debug_line    0x00004392      0xba6 ./Drivers/STM32G0xx_HAL_Driver/Src/stm32g0xx_hal_cortex.o
 .debug_line    0x00004f38      0xb62 ./Drivers/STM32G0xx_HAL_Driver/Src/stm32g0xx_hal_gpio.o
 .debug_line    0x00005a9a      0xaea ./Drivers/STM32G0xx_HAL_Driver/Src/stm32g0xx_hal_pwr_ex.o
 .debug_line    0x00006584      0xfe2 ./Drivers/STM32G0xx_HAL_Driver/Src/stm32g0xx_hal_rcc.o
 .debug_line    0x00007566      0xd6b ./Drivers/STM32G0xx_HAL_Driver/Src/stm32g0xx_hal_rcc_ex.o
 .debug_line    0x000082d1     0x36b6 ./Drivers/STM32G0xx_HAL_Driver/Src/stm32g0xx_hal_uart.o
 .debug_line    0x0000b987      0xd2a ./Drivers/STM32G0xx_HAL_Driver/Src/stm32g0xx_hal_uart_ex.o

.debug_str      0x00000000    0x984fa
 .debug_str     0x00000000    0x984fa ./Core/Src/main.o
                              0x94497 (size before relaxing)
 .debug_str     0x000984fa    0x9413d ./Core/Src/retarget.o
 .debug_str     0x000984fa    0x90c31 ./Core/Src/stm32g0xx_hal_msp.o
 .debug_str     0x000984fa    0x9043d ./Core/Src/stm32g0xx_it.o
 .debug_str     0x000984fa     0x98f3 ./Core/Src/syscalls.o
 .debug_str     0x000984fa     0x7691 ./Core/Src/sysmem.o
 .debug_str     0x000984fa    0x90400 ./Core/Src/system_stm32g0xx.o
 .debug_str     0x000984fa       0x97 ./Core/Startup/startup_stm32g071rbtx.o
 .debug_str     0x000984fa    0x90bfd ./Drivers/STM32G0xx_HAL_Driver/Src/stm32g0xx_hal.o
 .debug_str     0x000984fa    0x908c7 ./Drivers/STM32G0xx_HAL_Driver/Src/stm32g0xx_hal_cortex.o
 .debug_str     0x000984fa    0x90549 ./Drivers/STM32G0xx_HAL_Driver/Src/stm32g0xx_hal_gpio.o
 .debug_str     0x000984fa    0x9088d ./Drivers/STM32G0xx_HAL_Driver/Src/stm32g0xx_hal_pwr_ex.o
 .debug_str     0x000984fa    0x90b56 ./Drivers/STM32G0xx_HAL_Driver/Src/stm32g0xx_hal_rcc.o
 .debug_str     0x000984fa    0x907ca ./Drivers/STM32G0xx_HAL_Driver/Src/stm32g0xx_hal_rcc_ex.o
 .debug_str     0x000984fa    0x913cb ./Drivers/STM32G0xx_HAL_Driver/Src/stm32g0xx_hal_uart.o
 .debug_str     0x000984fa    0x90c8a ./Drivers/STM32G0xx_HAL_Driver/Src/stm32g0xx_hal_uart_ex.o

.comment        0x00000000       0x43
 .comment       0x00000000       0x43 ./Core/Src/main.o
                                 0x44 (size before relaxing)
 .comment       0x00000043       0x44 ./Core/Src/retarget.o
 .comment       0x00000043       0x44 ./Core/Src/stm32g0xx_hal_msp.o
 .comment       0x00000043       0x44 ./Core/Src/stm32g0xx_it.o
 .comment       0x00000043       0x44 ./Core/Src/syscalls.o
 .comment       0x00000043       0x44 ./Core/Src/sysmem.o
 .comment       0x00000043       0x44 ./Core/Src/system_stm32g0xx.o
 .comment       0x00000043       0x44 ./Drivers/STM32G0xx_HAL_Driver/Src/stm32g0xx_hal.o
 .comment       0x00000043       0x44 ./Drivers/STM32G0xx_HAL_Driver/Src/stm32g0xx_hal_cortex.o
 .comment       0x00000043       0x44 ./Drivers/STM32G0xx_HAL_Driver/Src/stm32g0xx_hal_gpio.o
 .comment       0x00000043       0x44 ./Drivers/STM32G0xx_HAL_Driver/Src/stm32g0xx_hal_pwr_ex.o
 .comment       0x00000043       0x44 ./Drivers/STM32G0xx_HAL_Driver/Src/stm32g0xx_hal_rcc.o
 .comment       0x00000043       0x44 ./Drivers/STM32G0xx_HAL_Driver/Src/stm32g0xx_hal_rcc_ex.o
 .comment       0x00000043       0x44 ./Drivers/STM32G0xx_HAL_Driver/Src/stm32g0xx_hal_uart.o
 .comment       0x00000043       0x44 ./Drivers/STM32G0xx_HAL_Driver/Src/stm32g0xx_hal_uart_ex.o

.debug_frame    0x00000000     0x2568
 .debug_frame   0x00000000       0xa4 ./Core/Src/main.o
 .debug_frame   0x000000a4       0x70 ./Core/Src/retarget.o
 .debug_frame   0x00000114       0x70 ./Core/Src/stm32g0xx_hal_msp.o
 .debug_frame   0x00000184       0x9c ./Core/Src/stm32g0xx_it.o
 .debug_frame   0x00000220      0x244 ./Core/Src/syscalls.o
 .debug_frame   0x00000464       0x30 ./Core/Src/sysmem.o
 .debug_frame   0x00000494       0x4c ./Core/Src/system_stm32g0xx.o
 .debug_frame   0x000004e0      0x3dc ./Drivers/STM32G0xx_HAL_Driver/Src/stm32g0xx_hal.o
 .debug_frame   0x000008bc      0x33c ./Drivers/STM32G0xx_HAL_Driver/Src/stm32g0xx_hal_cortex.o
 .debug_frame   0x00000bf8      0x130 ./Drivers/STM32G0xx_HAL_Driver/Src/stm32g0xx_hal_gpio.o
 .debug_frame   0x00000d28      0x32c ./Drivers/STM32G0xx_HAL_Driver/Src/stm32g0xx_hal_pwr_ex.o
 .debug_frame   0x00001054      0x214 ./Drivers/STM32G0xx_HAL_Driver/Src/stm32g0xx_hal_rcc.o
 .debug_frame   0x00001268       0xb0 ./Drivers/STM32G0xx_HAL_Driver/Src/stm32g0xx_hal_rcc_ex.o
 .debug_frame   0x00001318      0x8d8 ./Drivers/STM32G0xx_HAL_Driver/Src/stm32g0xx_hal_uart.o
 .debug_frame   0x00001bf0      0x258 ./Drivers/STM32G0xx_HAL_Driver/Src/stm32g0xx_hal_uart_ex.o
 .debug_frame   0x00001e48      0x138 C:/ST/STM32CubeIDE_1.19.0/STM32CubeIDE/plugins/com.st.stm32cube.ide.mcu.externaltools.gnu-tools-for-stm32.13.3.rel1.win32_1.0.0.202411081344/tools/bin/../lib/gcc/arm-none-eabi/13.3.1/../../../../arm-none-eabi/lib/thumb/v6-m/nofp\libc_nano.a(libc_a-findfp.o)
 .debug_frame   0x00001f80       0x34 C:/ST/STM32CubeIDE_1.19.0/STM32CubeIDE/plugins/com.st.stm32cube.ide.mcu.externaltools.gnu-tools-for-stm32.13.3.rel1.win32_1.0.0.202411081344/tools/bin/../lib/gcc/arm-none-eabi/13.3.1/../../../../arm-none-eabi/lib/thumb/v6-m/nofp\libc_nano.a(libc_a-fwalk.o)
 .debug_frame   0x00001fb4       0x44 C:/ST/STM32CubeIDE_1.19.0/STM32CubeIDE/plugins/com.st.stm32cube.ide.mcu.externaltools.gnu-tools-for-stm32.13.3.rel1.win32_1.0.0.202411081344/tools/bin/../lib/gcc/arm-none-eabi/13.3.1/../../../../arm-none-eabi/lib/thumb/v6-m/nofp\libc_nano.a(libc_a-puts.o)
 .debug_frame   0x00001ff8       0x90 C:/ST/STM32CubeIDE_1.19.0/STM32CubeIDE/plugins/com.st.stm32cube.ide.mcu.externaltools.gnu-tools-for-stm32.13.3.rel1.win32_1.0.0.202411081344/tools/bin/../lib/gcc/arm-none-eabi/13.3.1/../../../../arm-none-eabi/lib/thumb/v6-m/nofp\libc_nano.a(libc_a-stdio.o)
 .debug_frame   0x00002088       0x48 C:/ST/STM32CubeIDE_1.19.0/STM32CubeIDE/plugins/com.st.stm32cube.ide.mcu.externaltools.gnu-tools-for-stm32.13.3.rel1.win32_1.0.0.202411081344/tools/bin/../lib/gcc/arm-none-eabi/13.3.1/../../../../arm-none-eabi/lib/thumb/v6-m/nofp\libc_nano.a(libc_a-wbuf.o)
 .debug_frame   0x000020d0       0x2c C:/ST/STM32CubeIDE_1.19.0/STM32CubeIDE/plugins/com.st.stm32cube.ide.mcu.externaltools.gnu-tools-for-stm32.13.3.rel1.win32_1.0.0.202411081344/tools/bin/../lib/gcc/arm-none-eabi/13.3.1/../../../../arm-none-eabi/lib/thumb/v6-m/nofp\libc_nano.a(libc_a-wsetup.o)
 .debug_frame   0x000020fc       0x20 C:/ST/STM32CubeIDE_1.19.0/STM32CubeIDE/plugins/com.st.stm32cube.ide.mcu.externaltools.gnu-tools-for-stm32.13.3.rel1.win32_1.0.0.202411081344/tools/bin/../lib/gcc/arm-none-eabi/13.3.1/../../../../arm-none-eabi/lib/thumb/v6-m/nofp\libc_nano.a(libc_a-memset.o)
 .debug_frame   0x0000211c       0x2c C:/ST/STM32CubeIDE_1.19.0/STM32CubeIDE/plugins/com.st.stm32cube.ide.mcu.externaltools.gnu-tools-for-stm32.13.3.rel1.win32_1.0.0.202411081344/tools/bin/../lib/gcc/arm-none-eabi/13.3.1/../../../../arm-none-eabi/lib/thumb/v6-m/nofp\libc_nano.a(libc_a-closer.o)
 .debug_frame   0x00002148       0x2c C:/ST/STM32CubeIDE_1.19.0/STM32CubeIDE/plugins/com.st.stm32cube.ide.mcu.externaltools.gnu-tools-for-stm32.13.3.rel1.win32_1.0.0.202411081344/tools/bin/../lib/gcc/arm-none-eabi/13.3.1/../../../../arm-none-eabi/lib/thumb/v6-m/nofp\libc_nano.a(libc_a-reent.o)
 .debug_frame   0x00002174       0x2c C:/ST/STM32CubeIDE_1.19.0/STM32CubeIDE/plugins/com.st.stm32cube.ide.mcu.externaltools.gnu-tools-for-stm32.13.3.rel1.win32_1.0.0.202411081344/tools/bin/../lib/gcc/arm-none-eabi/13.3.1/../../../../arm-none-eabi/lib/thumb/v6-m/nofp\libc_nano.a(libc_a-lseekr.o)
 .debug_frame   0x000021a0       0x2c C:/ST/STM32CubeIDE_1.19.0/STM32CubeIDE/plugins/com.st.stm32cube.ide.mcu.externaltools.gnu-tools-for-stm32.13.3.rel1.win32_1.0.0.202411081344/tools/bin/../lib/gcc/arm-none-eabi/13.3.1/../../../../arm-none-eabi/lib/thumb/v6-m/nofp\libc_nano.a(libc_a-readr.o)
 .debug_frame   0x000021cc       0x2c C:/ST/STM32CubeIDE_1.19.0/STM32CubeIDE/plugins/com.st.stm32cube.ide.mcu.externaltools.gnu-tools-for-stm32.13.3.rel1.win32_1.0.0.202411081344/tools/bin/../lib/gcc/arm-none-eabi/13.3.1/../../../../arm-none-eabi/lib/thumb/v6-m/nofp\libc_nano.a(libc_a-writer.o)
 .debug_frame   0x000021f8       0x20 C:/ST/STM32CubeIDE_1.19.0/STM32CubeIDE/plugins/com.st.stm32cube.ide.mcu.externaltools.gnu-tools-for-stm32.13.3.rel1.win32_1.0.0.202411081344/tools/bin/../lib/gcc/arm-none-eabi/13.3.1/../../../../arm-none-eabi/lib/thumb/v6-m/nofp\libc_nano.a(libc_a-errno.o)
 .debug_frame   0x00002218       0x2c C:/ST/STM32CubeIDE_1.19.0/STM32CubeIDE/plugins/com.st.stm32cube.ide.mcu.externaltools.gnu-tools-for-stm32.13.3.rel1.win32_1.0.0.202411081344/tools/bin/../lib/gcc/arm-none-eabi/13.3.1/../../../../arm-none-eabi/lib/thumb/v6-m/nofp\libc_nano.a(libc_a-init.o)
 .debug_frame   0x00002244       0xb0 C:/ST/STM32CubeIDE_1.19.0/STM32CubeIDE/plugins/com.st.stm32cube.ide.mcu.externaltools.gnu-tools-for-stm32.13.3.rel1.win32_1.0.0.202411081344/tools/bin/../lib/gcc/arm-none-eabi/13.3.1/../../../../arm-none-eabi/lib/thumb/v6-m/nofp\libc_nano.a(libc_a-lock.o)
 .debug_frame   0x000022f4       0x2c C:/ST/STM32CubeIDE_1.19.0/STM32CubeIDE/plugins/com.st.stm32cube.ide.mcu.externaltools.gnu-tools-for-stm32.13.3.rel1.win32_1.0.0.202411081344/tools/bin/../lib/gcc/arm-none-eabi/13.3.1/../../../../arm-none-eabi/lib/thumb/v6-m/nofp\libc_nano.a(libc_a-freer.o)
 .debug_frame   0x00002320       0x50 C:/ST/STM32CubeIDE_1.19.0/STM32CubeIDE/plugins/com.st.stm32cube.ide.mcu.externaltools.gnu-tools-for-stm32.13.3.rel1.win32_1.0.0.202411081344/tools/bin/../lib/gcc/arm-none-eabi/13.3.1/../../../../arm-none-eabi/lib/thumb/v6-m/nofp\libc_nano.a(libc_a-mallocr.o)
 .debug_frame   0x00002370       0x40 C:/ST/STM32CubeIDE_1.19.0/STM32CubeIDE/plugins/com.st.stm32cube.ide.mcu.externaltools.gnu-tools-for-stm32.13.3.rel1.win32_1.0.0.202411081344/tools/bin/../lib/gcc/arm-none-eabi/13.3.1/../../../../arm-none-eabi/lib/thumb/v6-m/nofp\libc_nano.a(libc_a-mlock.o)
 .debug_frame   0x000023b0       0x68 C:/ST/STM32CubeIDE_1.19.0/STM32CubeIDE/plugins/com.st.stm32cube.ide.mcu.externaltools.gnu-tools-for-stm32.13.3.rel1.win32_1.0.0.202411081344/tools/bin/../lib/gcc/arm-none-eabi/13.3.1/../../../../arm-none-eabi/lib/thumb/v6-m/nofp\libc_nano.a(libc_a-fflush.o)
 .debug_frame   0x00002418       0x50 C:/ST/STM32CubeIDE_1.19.0/STM32CubeIDE/plugins/com.st.stm32cube.ide.mcu.externaltools.gnu-tools-for-stm32.13.3.rel1.win32_1.0.0.202411081344/tools/bin/../lib/gcc/arm-none-eabi/13.3.1/../../../../arm-none-eabi/lib/thumb/v6-m/nofp\libc_nano.a(libc_a-makebuf.o)
 .debug_frame   0x00002468       0x2c C:/ST/STM32CubeIDE_1.19.0/STM32CubeIDE/plugins/com.st.stm32cube.ide.mcu.externaltools.gnu-tools-for-stm32.13.3.rel1.win32_1.0.0.202411081344/tools/bin/../lib/gcc/arm-none-eabi/13.3.1/../../../../arm-none-eabi/lib/thumb/v6-m/nofp\libc_nano.a(libc_a-fstatr.o)
 .debug_frame   0x00002494       0x2c C:/ST/STM32CubeIDE_1.19.0/STM32CubeIDE/plugins/com.st.stm32cube.ide.mcu.externaltools.gnu-tools-for-stm32.13.3.rel1.win32_1.0.0.202411081344/tools/bin/../lib/gcc/arm-none-eabi/13.3.1/../../../../arm-none-eabi/lib/thumb/v6-m/nofp\libc_nano.a(libc_a-isattyr.o)
 .debug_frame   0x000024c0       0x2c C:/ST/STM32CubeIDE_1.19.0/STM32CubeIDE/plugins/com.st.stm32cube.ide.mcu.externaltools.gnu-tools-for-stm32.13.3.rel1.win32_1.0.0.202411081344/tools/bin/../lib/gcc/arm-none-eabi/13.3.1/../../../../arm-none-eabi/lib/thumb/v6-m/nofp\libc_nano.a(libc_a-sbrkr.o)
 .debug_frame   0x000024ec       0x20 C:/ST/STM32CubeIDE_1.19.0/STM32CubeIDE/plugins/com.st.stm32cube.ide.mcu.externaltools.gnu-tools-for-stm32.13.3.rel1.win32_1.0.0.202411081344/tools/bin/../lib/gcc/arm-none-eabi/13.3.1/thumb/v6-m/nofp\libgcc.a(_udivsi3.o)
 .debug_frame   0x0000250c       0x20 C:/ST/STM32CubeIDE_1.19.0/STM32CubeIDE/plugins/com.st.stm32cube.ide.mcu.externaltools.gnu-tools-for-stm32.13.3.rel1.win32_1.0.0.202411081344/tools/bin/../lib/gcc/arm-none-eabi/13.3.1/thumb/v6-m/nofp\libgcc.a(_divsi3.o)
 .debug_frame   0x0000252c       0x3c C:/ST/STM32CubeIDE_1.19.0/STM32CubeIDE/plugins/com.st.stm32cube.ide.mcu.externaltools.gnu-tools-for-stm32.13.3.rel1.win32_1.0.0.202411081344/tools/bin/../lib/gcc/arm-none-eabi/13.3.1/thumb/v6-m/nofp\libgcc.a(_udivmoddi4.o)

.debug_line_str
                0x00000000       0x7b
 .debug_line_str
                0x00000000       0x7b ./Core/Startup/startup_stm32g071rbtx.o
